Component: Arm Compiler for Embedded 6.19 Tool: armlink [5e73cb00]

==============================================================================

Section Cross References

    startup_stm32f407xx.o(STACK) refers (Special) to heapauxi.o(.text) for __use_two_region_memory
    startup_stm32f407xx.o(HEAP) refers (Special) to heapauxi.o(.text) for __use_two_region_memory
    startup_stm32f407xx.o(RESET) refers (Special) to heapauxi.o(.text) for __use_two_region_memory
    startup_stm32f407xx.o(RESET) refers to startup_stm32f407xx.o(STACK) for __initial_sp
    startup_stm32f407xx.o(RESET) refers to startup_stm32f407xx.o(.text) for Reset_Handler
    startup_stm32f407xx.o(RESET) refers to stm32f4xx_it.o(.text.NMI_Handler) for NMI_Handler
    startup_stm32f407xx.o(RESET) refers to stm32f4xx_it.o(.text.HardFault_Handler) for HardFault_Handler
    startup_stm32f407xx.o(RESET) refers to stm32f4xx_it.o(.text.MemManage_Handler) for MemManage_Handler
    startup_stm32f407xx.o(RESET) refers to stm32f4xx_it.o(.text.BusFault_Handler) for BusFault_Handler
    startup_stm32f407xx.o(RESET) refers to stm32f4xx_it.o(.text.UsageFault_Handler) for UsageFault_Handler
    startup_stm32f407xx.o(RESET) refers to stm32f4xx_it.o(.text.SVC_Handler) for SVC_Handler
    startup_stm32f407xx.o(RESET) refers to stm32f4xx_it.o(.text.DebugMon_Handler) for DebugMon_Handler
    startup_stm32f407xx.o(RESET) refers to stm32f4xx_it.o(.text.PendSV_Handler) for PendSV_Handler
    startup_stm32f407xx.o(RESET) refers to stm32f4xx_it.o(.text.SysTick_Handler) for SysTick_Handler
    startup_stm32f407xx.o(.text) refers (Special) to heapauxi.o(.text) for __use_two_region_memory
    startup_stm32f407xx.o(.text) refers to system_stm32f4xx.o(.text.SystemInit) for SystemInit
    startup_stm32f407xx.o(.text) refers to __main.o(!!!main) for __main
    startup_stm32f407xx.o(.text) refers to startup_stm32f407xx.o(HEAP) for Heap_Mem
    startup_stm32f407xx.o(.text) refers to startup_stm32f407xx.o(STACK) for Stack_Mem
    main.o(.text.main) refers to stm32f4xx_hal.o(.text.HAL_Init) for HAL_Init
    main.o(.text.main) refers to main.o(.text.SystemClock_Config) for SystemClock_Config
    main.o(.text.main) refers to main.o(.text.MX_GPIO_Init) for MX_GPIO_Init
    main.o(.text.main) refers to main.o(.text.MX_CRC_Init) for MX_CRC_Init
    main.o(.text.main) refers to main.o(.text.MX_USART2_UART_Init) for MX_USART2_UART_Init
    main.o(.text.main) refers to main.o(.text.MX_USART3_UART_Init) for MX_USART3_UART_Init
    main.o(.text.main) refers to stm32f4xx_hal_gpio.o(.text.HAL_GPIO_ReadPin) for HAL_GPIO_ReadPin
    main.o(.text.main) refers to main.o(.rodata.str1.1) for .L.str
    main.o(.text.main) refers to main.o(.text.Print_Msg) for Print_Msg
    main.o(.text.main) refers to main.o(.text.Bootloader_UART_Read_Data) for Bootloader_UART_Read_Data
    main.o(.text.main) refers to main.o(.text.Bootloader_Jump_To_User_App) for Bootloader_Jump_To_User_App
    main.o(.ARM.exidx.text.main) refers to main.o(.text.main) for [Anonymous Symbol]
    main.o(.text.SystemClock_Config) refers to rt_memclr_w.o(.text) for __aeabi_memclr4
    main.o(.text.SystemClock_Config) refers to stm32f4xx_hal_rcc.o(.text.HAL_RCC_OscConfig) for HAL_RCC_OscConfig
    main.o(.text.SystemClock_Config) refers to main.o(.text.Error_Handler) for Error_Handler
    main.o(.text.SystemClock_Config) refers to stm32f4xx_hal_rcc.o(.text.HAL_RCC_ClockConfig) for HAL_RCC_ClockConfig
    main.o(.ARM.exidx.text.SystemClock_Config) refers to main.o(.text.SystemClock_Config) for [Anonymous Symbol]
    main.o(.text.MX_GPIO_Init) refers to stm32f4xx_hal_gpio.o(.text.HAL_GPIO_WritePin) for HAL_GPIO_WritePin
    main.o(.text.MX_GPIO_Init) refers to stm32f4xx_hal_gpio.o(.text.HAL_GPIO_Init) for HAL_GPIO_Init
    main.o(.ARM.exidx.text.MX_GPIO_Init) refers to main.o(.text.MX_GPIO_Init) for [Anonymous Symbol]
    main.o(.text.MX_CRC_Init) refers to main.o(.bss.hcrc) for hcrc
    main.o(.text.MX_CRC_Init) refers to stm32f4xx_hal_crc.o(.text.HAL_CRC_Init) for HAL_CRC_Init
    main.o(.text.MX_CRC_Init) refers to main.o(.text.Error_Handler) for Error_Handler
    main.o(.ARM.exidx.text.MX_CRC_Init) refers to main.o(.text.MX_CRC_Init) for [Anonymous Symbol]
    main.o(.text.MX_USART2_UART_Init) refers to main.o(.bss.huart2) for huart2
    main.o(.text.MX_USART2_UART_Init) refers to stm32f4xx_hal_uart.o(.text.HAL_UART_Init) for HAL_UART_Init
    main.o(.text.MX_USART2_UART_Init) refers to main.o(.text.Error_Handler) for Error_Handler
    main.o(.ARM.exidx.text.MX_USART2_UART_Init) refers to main.o(.text.MX_USART2_UART_Init) for [Anonymous Symbol]
    main.o(.text.MX_USART3_UART_Init) refers to main.o(.bss.huart3) for huart3
    main.o(.text.MX_USART3_UART_Init) refers to stm32f4xx_hal_uart.o(.text.HAL_UART_Init) for HAL_UART_Init
    main.o(.text.MX_USART3_UART_Init) refers to main.o(.text.Error_Handler) for Error_Handler
[...]
    [Anonymous Symbol]                       0x08002c1c   Section        0  stm32f4xx_hal_gpio.o(.text.HAL_GPIO_WritePin)
    [Anonymous Symbol]                       0x08002c4c   Section        0  stm32f4xx_hal.o(.text.HAL_GetTick)
    [Anonymous Symbol]                       0x08002c58   Section        0  stm32f4xx_hal.o(.text.HAL_IncTick)
    [Anonymous Symbol]                       0x08002c74   Section        0  stm32f4xx_hal.o(.text.HAL_Init)
    [Anonymous Symbol]                       0x08002cb0   Section        0  stm32f4xx_hal.o(.text.HAL_InitTick)
    [Anonymous Symbol]                       0x08002d20   Section        0  stm32f4xx_hal_msp.o(.text.HAL_MspInit)
    [Anonymous Symbol]                       0x08002d74   Section        0  stm32f4xx_hal_cortex.o(.text.HAL_NVIC_SetPriority)
    [Anonymous Symbol]                       0x08002da8   Section        0  stm32f4xx_hal_cortex.o(.text.HAL_NVIC_SetPriorityGrouping)
    [Anonymous Symbol]                       0x08002db8   Section        0  stm32f4xx_hal_rcc.o(.text.HAL_RCC_ClockConfig)
    [Anonymous Symbol]                       0x0800301c   Section        0  stm32f4xx_hal_rcc.o(.text.HAL_RCC_GetHCLKFreq)
    [Anonymous Symbol]                       0x08003028   Section        0  stm32f4xx_hal_rcc.o(.text.HAL_RCC_GetPCLK1Freq)
    [Anonymous Symbol]                       0x0800304c   Section        0  stm32f4xx_hal_rcc.o(.text.HAL_RCC_GetPCLK2Freq)
    [Anonymous Symbol]                       0x08003070   Section        0  stm32f4xx_hal_rcc.o(.text.HAL_RCC_GetSysClockFreq)
    [Anonymous Symbol]                       0x08003158   Section        0  stm32f4xx_hal_rcc.o(.text.HAL_RCC_OscConfig)
    [Anonymous Symbol]                       0x08003818   Section        0  stm32f4xx_hal_cortex.o(.text.HAL_SYSTICK_Config)
    [Anonymous Symbol]                       0x08003828   Section        0  stm32f4xx_hal_uart.o(.text.HAL_UART_Init)
    [Anonymous Symbol]                       0x080038c4   Section        0  stm32f4xx_hal_msp.o(.text.HAL_UART_MspInit)
    [Anonymous Symbol]                       0x080039d0   Section        0  stm32f4xx_hal_uart.o(.text.HAL_UART_Receive)
    [Anonymous Symbol]                       0x08003b34   Section        0  stm32f4xx_hal_uart.o(.text.HAL_UART_Transmit)
    [Anonymous Symbol]                       0x08003c84   Section        0  stm32f4xx_it.o(.text.HardFault_Handler)
    MX_CRC_Init                              0x08003c89   Thumb Code    36  main.o(.text.MX_CRC_Init)
    [Anonymous Symbol]                       0x08003c88   Section        0  main.o(.text.MX_CRC_Init)
    MX_GPIO_Init                             0x08003cad   Thumb Code   702  main.o(.text.MX_GPIO_Init)
    [Anonymous Symbol]                       0x08003cac   Section        0  main.o(.text.MX_GPIO_Init)
    MX_USART2_UART_Init                      0x08003f6d   Thumb Code    64  main.o(.text.MX_USART2_UART_Init)
    [Anonymous Symbol]                       0x08003f6c   Section        0  main.o(.text.MX_USART2_UART_Init)
    MX_USART3_UART_Init                      0x08003fad   Thumb Code    64  main.o(.text.MX_USART3_UART_Init)
    [Anonymous Symbol]                       0x08003fac   Section        0  main.o(.text.MX_USART3_UART_Init)
    [Anonymous Symbol]                       0x08003fec   Section        0  stm32f4xx_it.o(.text.MemManage_Handler)
    [Anonymous Symbol]                       0x08003ff0   Section        0  stm32f4xx_it.o(.text.NMI_Handler)
    NVIC_EncodePriority                      0x08003ff5   Thumb Code   108  stm32f4xx_hal_cortex.o(.text.NVIC_EncodePriority)
    [Anonymous Symbol]                       0x08003ff4   Section        0  stm32f4xx_hal_cortex.o(.text.NVIC_EncodePriority)
    [Anonymous Symbol]                       0x08004060   Section        0  stm32f4xx_it.o(.text.PendSV_Handler)
    Print_Msg                                0x08004065   Thumb Code    66  main.o(.text.Print_Msg)
    [Anonymous Symbol]                       0x08004064   Section        0  main.o(.text.Print_Msg)
    [Anonymous Symbol]                       0x080040a8   Section        0  stm32f4xx_it.o(.text.SVC_Handler)
    SysTick_Config                           0x080040ad   Thumb Code    82  stm32f4xx_hal_cortex.o(.text.SysTick_Config)
    [Anonymous Symbol]                       0x080040ac   Section        0  stm32f4xx_hal_cortex.o(.text.SysTick_Config)
    [Anonymous Symbol]                       0x08004100   Section        0  stm32f4xx_it.o(.text.SysTick_Handler)
    [Anonymous Symbol]                       0x08004108   Section        0  main.o(.text.SystemClock_Config)
    [Anonymous Symbol]                       0x080041c4   Section        0  system_stm32f4xx.o(.text.SystemInit)
    UART_SetConfig                           0x080041d9   Thumb Code   314  stm32f4xx_hal_uart.o(.text.UART_SetConfig)
    [Anonymous Symbol]                       0x080041d8   Section        0  stm32f4xx_hal_uart.o(.text.UART_SetConfig)
    UART_WaitOnFlagUntilTimeout              0x08004315   Thumb Code   210  stm32f4xx_hal_uart.o(.text.UART_WaitOnFlagUntilTimeout)
    [Anonymous Symbol]                       0x08004314   Section        0  stm32f4xx_hal_uart.o(.text.UART_WaitOnFlagUntilTimeout)
    [Anonymous Symbol]                       0x080043e8   Section        0  stm32f4xx_it.o(.text.UsageFault_Handler)
    [Anonymous Symbol]                       0x080043ec   Section        0  main.o(.text.Verify_Addr)
    __NVIC_GetPriorityGrouping               0x08004491   Thumb Code    16  stm32f4xx_hal_cortex.o(.text.__NVIC_GetPriorityGrouping)
    [Anonymous Symbol]                       0x08004490   Section        0  stm32f4xx_hal_cortex.o(.text.__NVIC_GetPriorityGrouping)
    __NVIC_SetPriority                       0x080044a1   Thumb Code    66  stm32f4xx_hal_cortex.o(.text.__NVIC_SetPriority)
    [Anonymous Symbol]                       0x080044a0   Section        0  stm32f4xx_hal_cortex.o(.text.__NVIC_SetPriority)
    __NVIC_SetPriorityGrouping               0x080044e5   Thumb Code    60  stm32f4xx_hal_cortex.o(.text.__NVIC_SetPriorityGrouping)
    [Anonymous Symbol]                       0x080044e4   Section        0  stm32f4xx_hal_cortex.o(.text.__NVIC_SetPriorityGrouping)
    [Anonymous Symbol]                       0x08004520   Section        0  main.o(.text.main)
    CL$$btod_d2e                             0x0800457a   Section       62  btod.o(CL$$btod_d2e)
    CL$$btod_d2e_denorm_low                  0x080045b8   Section       70  btod.o(CL$$btod_d2e_denorm_low)
    CL$$btod_d2e_norm_op1                    0x080045fe   Section       96  btod.o(CL$$btod_d2e_norm_op1)
    CL$$btod_div_common                      0x08004660   Section      824  btod.o(CL$$btod_div_common)
    CL$$btod_e2e                             0x08004998   Section      220  btod.o(CL$$btod_e2e)
    CL$$btod_ediv                            0x08004a74   Section       42  btod.o(CL$$btod_ediv)
    CL$$btod_emul                            0x08004a9e   Section       42  btod.o(CL$$btod_emul)
    CL$$btod_mult_common                     0x08004ac8   Section      580  btod.o(CL$$btod_mult_common)
    i.__ARM_fpclassify                       0x08004d0c   Section        0  fpclassify.o(i.__ARM_fpclassify)
    i._is_digit                              0x08004d3c   Section        0  __printf_wp.o(i._is_digit)
    locale$$code                             0x08004d4c   Section       44  lc_numeric_c.o(locale$$code)
    locale$$code                             0x08004d78   Section       44  lc_ctype_c.o(locale$$code)
    $v0                                      0x08004da4   Number         0  fpinit.o(x$fpl$fpinit)
    x$fpl$fpinit                             0x08004da4   Section       26  fpinit.o(x$fpl$fpinit)
    $v0                                      0x08004dbe   Number         0  printf1.o(x$fpl$printf1)
    x$fpl$printf1                            0x08004dbe   Section        4  printf1.o(x$fpl$printf1)
    $v0                                      0x08004dc2   Number         0  printf2.o(x$fpl$printf2)
    x$fpl$printf2                            0x08004dc2   Section        4  printf2.o(x$fpl$printf2)
    x$fpl$usenofp                            0x08004dc6   Section        0  usenofp.o(x$fpl$usenofp)
    initial_mbstate                          0x08004dc8   Data           8  _printf_wctomb.o(.constdata)
    .constdata                               0x08004dc8   Section        8  _printf_wctomb.o(.constdata)
    uc_hextab                                0x08004dd0   Data          20  _printf_hex_int_ll_ptr.o(.constdata)
    .constdata                               0x08004dd0   Section       40  _printf_hex_int_ll_ptr.o(.constdata)
    lc_hextab                                0x08004de4   Data          20  _printf_hex_int_ll_ptr.o(.constdata)
    maptable                                 0x08004df8   Data          17  __printf_flags_ss_wp.o(.constdata)
    .constdata                               0x08004df8   Section       17  __printf_flags_ss_wp.o(.constdata)
    lc_hextab                                0x08004e09   Data          19  _printf_fp_hex.o(.constdata)
    .constdata                               0x08004e09   Section       38  _printf_fp_hex.o(.constdata)
    uc_hextab                                0x08004e1c   Data          19  _printf_fp_hex.o(.constdata)
    tenpwrs_x                                0x08004e30   Data          60  bigflt0.o(.constdata)
    .constdata                               0x08004e30   Section      148  bigflt0.o(.constdata)
    tenpwrs_i                                0x08004e6c   Data          64  bigflt0.o(.constdata)
    .L.str.9                                 0x08004edc   Data          42  main.o(.rodata.str1.1)
    [Anonymous Symbol]                       0x08004edc   Section        0  main.o(.rodata.str1.1)
    .L.str.7                                 0x08004f06   Data          46  main.o(.rodata.str1.1)
    .L.str.3                                 0x08004f34   Data          45  main.o(.rodata.str1.1)
    .L.str.11                                0x08004f61   Data          47  main.o(.rodata.str1.1)
    .L.str.27                                0x08004f90   Data          50  main.o(.rodata.str1.1)
    .L.str.29                                0x08004fc2   Data          51  main.o(.rodata.str1.1)
    .L.str.17                                0x08004ff5   Data          51  main.o(.rodata.str1.1)
    .L.str.24                                0x08005028   Data          52  main.o(.rodata.str1.1)
    .L.str.20                                0x0800505c   Data          49  main.o(.rodata.str1.1)
    .L.str.10                                0x0800508d   Data          48  main.o(.rodata.str1.1)
    .L.str.31                                0x080050bd   Data          57  main.o(.rodata.str1.1)
    .L.str.6                                 0x080050f6   Data          47  main.o(.rodata.str1.1)
    .L.str.18                                0x08005125   Data          57  main.o(.rodata.str1.1)
    .L.str.22                                0x0800515e   Data          39  main.o(.rodata.str1.1)
    .L.str.23                                0x08005185   Data          48  main.o(.rodata.str1.1)
    .L.str.13                                0x080051b5   Data          47  main.o(.rodata.str1.1)
    .L.str.16                                0x080051e4   Data          38  main.o(.rodata.str1.1)
    .L.str.15                                0x0800520a   Data          45  main.o(.rodata.str1.1)
    .L.str.2                                 0x08005237   Data          59  main.o(.rodata.str1.1)
    .L.str.32                                0x08005272   Data          35  main.o(.rodata.str1.1)
    .L.str.4                                 0x08005295   Data          24  main.o(.rodata.str1.1)
    .L.str.21                                0x080052ad   Data          47  main.o(.rodata.str1.1)
    .L.str.14                                0x080052dc   Data          46  main.o(.rodata.str1.1)
    .L.str.5                                 0x0800530a   Data          61  main.o(.rodata.str1.1)
    .L.str.28                                0x08005347   Data          51  main.o(.rodata.str1.1)
    .L.str.30                                0x0800537a   Data          52  main.o(.rodata.str1.1)
    .L.str.26                                0x08005386   Data          52  main.o(.rodata.str1.1)
    .L.str.19                                0x080053ae   Data          39  main.o(.rodata.str1.1)
    .L.str.12                                0x080053d5   Data          35  main.o(.rodata.str1.1)
    .L.str.8                                 0x080053f8   Data          30  main.o(.rodata.str1.1)
    .L.str.25                                0x08005416   Data          33  main.o(.rodata.str1.1)
    .L.str                                   0x08005437   Data          52  main.o(.rodata.str1.1)
    .L.str.1                                 0x0800546b   Data          67  main.o(.rodata.str1.1)
    locale$$data                             0x080054d0   Section       28  lc_numeric_c.o(locale$$data)
    __lcnum_c_name                           0x080054d4   Data           2  lc_numeric_c.o(locale$$data)
    __lcnum_c_start                          0x080054dc   Data           0  lc_numeric_c.o(locale$$data)
    __lcnum_c_point                          0x080054e8   Data           0  lc_numeric_c.o(locale$$data)
    __lcnum_c_thousands                      0x080054ea   Data           0  lc_numeric_c.o(locale$$data)
    __lcnum_c_grouping                       0x080054eb   Data           0  lc_numeric_c.o(locale$$data)
    __lcnum_c_end                            0x080054ec   Data           0  lc_numeric_c.o(locale$$data)
    locale$$data                             0x080054ec   Section      272  lc_ctype_c.o(locale$$data)
    __lcctype_c_name                         0x080054f0   Data           2  lc_ctype_c.o(locale$$data)
    __lcctype_c_start                        0x080054f8   Data           0  lc_ctype_c.o(locale$$data)
    __lcctype_c_end                          0x080055fc   Data           0  lc_ctype_c.o(locale$$data)
    .bss                                     0x20000018   Section       96  libspace.o(.bss)
    Heap_Mem                                 0x200001f8   Data         512  startup_stm32f407xx.o(HEAP)
    HEAP                                     0x200001f8   Section      512  startup_stm32f407xx.o(HEAP)
    Stack_Mem                                0x200003f8   Data        1024  startup_stm32f407xx.o(STACK)
    STACK                                    0x200003f8   Section     1024  startup_stm32f407xx.o(STACK)
    __initial_sp                             0x200007f8   Data           0  startup_stm32f407xx.o(STACK)

    Global Symbols

    Symbol Name                              Value     Ov Type        Size  Object(Section)

    BuildAttributes$$THM_ISAv4$E$P$D$K$B$S$7EM$VFPi3$EXTD16$VFPS$VFMA$PE$A:L22UL41UL21$X:L11$S22US41US21$IEEE1$IW$~IW$USESV6$~STKCKD$USESV7$~SHL$OTIME$ROPI$IEEEJ$EBA8$UX$STANDARDLIB$REQ8$PRES8$EABIv2 0x00000000   Number         0  anon$$obj.o ABSOLUTE
    _printf_flags                            0x00000000   Number         0  printf_stubs.o ABSOLUTE
    _printf_return_value                     0x00000000   Number         0  printf_stubs.o ABSOLUTE
    _printf_sizespec                         0x00000000   Number         0  printf_stubs.o ABSOLUTE
    _printf_widthprec                        0x00000000   Number         0  printf_stubs.o ABSOLUTE
    __ARM_exceptions_init                     - Undefined Weak Reference
    __alloca_initialize                       - Undefined Weak Reference
    __arm_preinit_                            - Undefined Weak Reference
    __arm_relocate_pie_                       - Undefined Weak Reference
    __cpp_initialize__aeabi_                  - Undefined Weak Reference
    __cxa_finalize                            - Undefined Weak Reference
    __sigvec_lookup                           - Undefined Weak Reference
    _atexit_init                              - Undefined Weak Reference
    _call_atexit_fns                          - Undefined Weak Reference
    _clock_init                               - Undefined Weak Reference
    _fp_trap_init                             - Undefined Weak Reference
    _fp_trap_shutdown                         - Undefined Weak Reference
    _get_lc_collate                           - Undefined Weak Reference
    _get_lc_monetary                          - Undefined Weak Reference
    _get_lc_time                              - Undefined Weak Reference
    _getenv_init                              - Undefined Weak Reference
    _handle_redirection                       - Undefined Weak Reference
    _init_alloc                               - Undefined Weak Reference
    _init_user_alloc                          - Undefined Weak Reference
    _initio                                   - Undefined Weak Reference
    _printf_mbtowc                            - Undefined Weak Reference
    _printf_wc                                - Undefined Weak Reference
    _rand_init                                - Undefined Weak Reference
    _signal_finish                            - Undefined Weak Reference
    _signal_init                              - Undefined Weak Reference
    _terminate_alloc                          - Undefined Weak Reference
    _terminate_user_alloc                     - Undefined Weak Reference
    _terminateio                              - Undefined Weak Reference
    __Vectors_Size                           0x00000188   Number         0  startup_stm32f407xx.o ABSOLUTE
    __Vectors                                0x08000000   Data           4  startup_stm32f407xx.o(RESET)
    __Vectors_End                            0x08000188   Data           0  startup_stm32f407xx.o(RESET)
    __main                                   0x08000189   Thumb Code     8  __main.o(!!!main)
    __scatterload                            0x08000191   Thumb Code     0  __scatter.o(!!!scatter)
    __scatterload_rt2                        0x08000191   Thumb Code    44  __scatter.o(!!!scatter)
    __scatterload_rt2_thumb_only             0x08000191   Thumb Code     0  __scatter.o(!!!scatter)
    __scatterload_null                       0x0800019f   Thumb Code     0  __scatter.o(!!!scatter)
    __scatterload_copy                       0x080001c5   Thumb Code    26  __scatter_copy.o(!!handler_copy)
    __scatterload_zeroinit                   0x080001e1   Thumb Code    28  __scatter_zi.o(!!handler_zi)
    _printf_n                                0x080001fd   Thumb Code     0  _printf_n.o(.ARM.Collect$$_printf_percent$$00000001)
    _printf_percent                          0x080001fd   Thumb Code     0  _printf_percent.o(.ARM.Collect$$_printf_percent$$00000000)
    _printf_p                                0x08000203   Thumb Code     0  _printf_p.o(.ARM.Collect$$_printf_percent$$00000002)
    _printf_f                                0x08000209   Thumb Code     0  _printf_f.o(.ARM.Collect$$_printf_percent$$00000003)
    _printf_e                                0x0800020f   Thumb Code     0  _printf_e.o(.ARM.Collect$$_printf_percent$$00000004)
    _printf_g                                0x08000215   Thumb Code     0  _printf_g.o(.ARM.Collect$$_printf_percent$$00000005)
    _printf_a                                0x0800021b   Thumb Code     0  _printf_a.o(.ARM.Collect$$_printf_percent$$00000006)
    _printf_ll                               0x08000221   Thumb Code     0  _printf_ll.o(.ARM.Collect$$_printf_percent$$00000007)
    _printf_i                                0x0800022b   Thumb Code     0  _printf_i.o(.ARM.Collect$$_printf_percent$$00000008)
    _printf_d                                0x08000231   Thumb Code     0  _printf_d.o(.ARM.Collect$$_printf_percent$$00000009)
    _printf_u                                0x08000237   Thumb Code     0  _printf_u.o(.ARM.Collect$$_printf_percent$$0000000A)
    _printf_o                                0x0800023d   Thumb Code     0  _printf_o.o(.ARM.Collect$$_printf_percent$$0000000B)
    _printf_x                                0x08000243   Thumb Code     0  _printf_x.o(.ARM.Collect$$_printf_percent$$0000000C)
    _printf_lli                              0x08000249   Thumb Code     0  _printf_lli.o(.ARM.Collect$$_printf_percent$$0000000D)
    _printf_lld                              0x0800024f   Thumb Code     0  _printf_lld.o(.ARM.Collect$$_printf_percent$$0000000E)
    _printf_llu                              0x08000255   Thumb Code     0  _printf_llu.o(.ARM.Collect$$_printf_percent$$0000000F)
    _printf_llo                              0x0800025b   Thumb Code     0  _printf_llo.o(.ARM.Collect$$_printf_percent$$00000010)
    _printf_llx                              0x08000261   Thumb Code     0  _printf_llx.o(.ARM.Collect$$_printf_percent$$00000011)
    _printf_l                                0x08000267   Thumb Code     0  _printf_l.o(.ARM.Collect$$_printf_percent$$00000012)
    _printf_c                                0x08000271   Thumb Code     0  _printf_c.o(.ARM.Collect$$_printf_percent$$00000013)
    _printf_s                                0x08000277   Thumb Code     0  _printf_s.o(.ARM.Collect$$_printf_percent$$00000014)
    _printf_lc                               0x0800027d   Thumb Code     0  _printf_lc.o(.ARM.Collect$$_printf_percent$$00000015)
    _printf_ls                               0x08000283   Thumb Code     0  _printf_ls.o(.ARM.Collect$$_printf_percent$$00000016)
    _printf_percent_end                      0x08000289   Thumb Code     0  _printf_percent_end.o(.ARM.Collect$$_printf_percent$$00000017)
    __rt_lib_init                            0x0800028d   Thumb Code     0  libinit.o(.ARM.Collect$$libinit$$00000000)
    __rt_lib_init_fp_1                       0x0800028f   Thumb Code     0  libinit2.o(.ARM.Collect$$libinit$$00000001)
    __rt_lib_init_heap_1                     0x08000293   Thumb Code     0  libinit2.o(.ARM.Collect$$libinit$$0000000C)
    __rt_lib_init_lc_common                  0x08000293   Thumb Code     0  libinit2.o(.ARM.Collect$$libinit$$00000011)
    __rt_lib_init_preinit_1                  0x08000293   Thumb Code     0  libinit2.o(.ARM.Collect$$libinit$$00000006)
    __rt_lib_init_rand_1                     0x08000293   Thumb Code     0  libinit2.o(.ARM.Collect$$libinit$$00000010)
    __rt_lib_init_relocate_pie_1             0x08000293   Thumb Code     0  libinit2.o(.ARM.Collect$$libinit$$00000004)
    __rt_lib_init_user_alloc_1               0x08000293   Thumb Code     0  libinit2.o(.ARM.Collect$$libinit$$0000000E)
    __rt_lib_init_lc_collate_1               0x08000299   Thumb Code     0  libinit2.o(.ARM.Collect$$libinit$$00000013)
    __rt_lib_init_lc_ctype_2                 0x08000299   Thumb Code     0  libinit2.o(.ARM.Collect$$libinit$$00000014)
    __rt_lib_init_lc_ctype_1                 0x080002a5   Thumb Code     0  libinit2.o(.ARM.Collect$$libinit$$00000015)
    __rt_lib_init_lc_monetary_1              0x080002a5   Thumb Code     0  libinit2.o(.ARM.Collect$$libinit$$00000017)
    __rt_lib_init_lc_numeric_2               0x080002a5   Thumb Code     0  libinit2.o(.ARM.Collect$$libinit$$00000018)
    __rt_lib_init_alloca_1                   0x080002af   Thumb Code     0  libinit2.o(.ARM.Collect$$libinit$$00000030)
    __rt_lib_init_argv_1                     0x080002af   Thumb Code     0  libinit2.o(.ARM.Collect$$libinit$$0000002E)
    __rt_lib_init_atexit_1                   0x080002af   Thumb Code     0  libinit2.o(.ARM.Collect$$libinit$$0000001D)
    __rt_lib_init_clock_1                    0x080002af   Thumb Code     0  libinit2.o(.ARM.Collect$$libinit$$00000023)
    __rt_lib_init_cpp_1                      0x080002af   Thumb Code     0  libinit2.o(.ARM.Collect$$libinit$$00000034)
    __rt_lib_init_exceptions_1               0x080002af   Thumb Code     0  libinit2.o(.ARM.Collect$$libinit$$00000032)
    __rt_lib_init_fp_trap_1                  0x080002af   Thumb Code     0  libinit2.o(.ARM.Collect$$libinit$$00000021)
    __rt_lib_init_getenv_1                   0x080002af   Thumb Code     0  libinit2.o(.ARM.Collect$$libinit$$00000025)
    __rt_lib_init_lc_numeric_1               0x080002af   Thumb Code     0  libinit2.o(.ARM.Collect$$libinit$$00000019)
    __rt_lib_init_lc_time_1                  0x080002af   Thumb Code     0  libinit2.o(.ARM.Collect$$libinit$$0000001B)
    __rt_lib_init_return                     0x080002af   Thumb Code     0  libinit2.o(.ARM.Collect$$libinit$$00000035)
    __rt_lib_init_signal_1                   0x080002af   Thumb Code     0  libinit2.o(.ARM.Collect$$libinit$$0000001F)
    __rt_lib_init_stdio_1                    0x080002af   Thumb Code     0  libinit2.o(.ARM.Collect$$libinit$$00000027)
    __rt_lib_shutdown                        0x080002b1   Thumb Code     0  libshutdown.o(.ARM.Collect$$libshutdown$$00000000)
    __rt_lib_shutdown_cpp_1                  0x080002b3   Thumb Code     0  libshutdown2.o(.ARM.Collect$$libshutdown$$00000002)
    __rt_lib_shutdown_fp_trap_1              0x080002b3   Thumb Code     0  libshutdown2.o(.ARM.Collect$$libshutdown$$00000007)
    __rt_lib_shutdown_heap_1                 0x080002b3   Thumb Code     0  libshutdown2.o(.ARM.Collect$$libshutdown$$0000000F)
    __rt_lib_shutdown_return                 0x080002b3   Thumb Code     0  libshutdown2.o(.ARM.Collect$$libshutdown$$00000010)
    __rt_lib_shutdown_signal_1               0x080002b3   Thumb Code     0  libshutdown2.o(.ARM.Collect$$libshutdown$$0000000A)
    __rt_lib_shutdown_stdio_1                0x080002b3   Thumb Code     0  libshutdown2.o(.ARM.Collect$$libshutdown$$00000004)
    __rt_lib_shutdown_user_alloc_1           0x080002b3   Thumb Code     0  libshutdown2.o(.ARM.Collect$$libshutdown$$0000000C)
    __rt_entry                               0x080002b5   Thumb Code     0  __rtentry.o(.ARM.Collect$$rtentry$$00000000)
    __rt_entry_presh_1                       0x080002b5   Thumb Code     0  __rtentry2.o(.ARM.Collect$$rtentry$$00000002)
    __rt_entry_sh                            0x080002b5   Thumb Code     0  __rtentry4.o(.ARM.Collect$$rtentry$$00000004)
    __rt_entry_li                            0x080002bb   Thumb Code     0  __rtentry2.o(.ARM.Collect$$rtentry$$0000000A)
    __rt_entry_postsh_1                      0x080002bb   Thumb Code     0  __rtentry2.o(.ARM.Collect$$rtentry$$00000009)
    __rt_entry_main                          0x080002bf   Thumb Code     0  __rtentry2.o(.ARM.Collect$$rtentry$$0000000D)
    __rt_entry_postli_1                      0x080002bf   Thumb Code     0  __rtentry2.o(.ARM.Collect$$rtentry$$0000000C)
    __rt_exit                                0x080002c7   Thumb Code     0  rtexit.o(.ARM.Collect$$rtexit$$00000000)
    __rt_exit_ls                             0x080002c9   Thumb Code     0  rtexit2.o(.ARM.Collect$$rtexit$$00000003)
    __rt_exit_prels_1                        0x080002c9   Thumb Code     0  rtexit2.o(.ARM.Collect$$rtexit$$00000002)
    __rt_exit_exit                           0x080002cd   Thumb Code     0  rtexit2.o(.ARM.Collect$$rtexit$$00000004)
    Reset_Handler                            0x080002d5   Thumb Code     8  startup_stm32f407xx.o(.text)
    ADC_IRQHandler                           0x080002ef   Thumb Code     0  startup_stm32f407xx.o(.text)
    CAN1_RX0_IRQHandler                      0x080002ef   Thumb Code     0  startup_stm32f407xx.o(.text)
    CAN1_RX1_IRQHandler                      0x080002ef   Thumb Code     0  startup_stm32f407xx.o(.text)
    CAN1_SCE_IRQHandler                      0x080002ef   Thumb Code     0  startup_stm32f407xx.o(.text)
    CAN1_TX_IRQHandler                       0x080002ef   Thumb Code     0  startup_stm32f407xx.o(.text)
    CAN2_RX0_IRQHandler                      0x080002ef   Thumb Code     0  startup_stm32f407xx.o(.text)
    CAN2_RX1_IRQHandler                      0x080002ef   Thumb Code     0  startup_stm32f407xx.o(.text)
    CAN2_SCE_IRQHandler                      0x080002ef   Thumb Code     0  startup_stm32f407xx.o(.text)
    CAN2_TX_IRQHandler                       0x080002ef   Thumb Code     0  startup_stm32f407xx.o(.text)
    DCMI_IRQHandler                          0x080002ef   Thumb Code     0  startup_stm32f407xx.o(.text)
    DMA1_Stream0_IRQHandler                  0x080002ef   Thumb Code     0  startup_stm32f407xx.o(.text)
    DMA1_Stream1_IRQHandler                  0x080002ef   Thumb Code     0  startup_stm32f407xx.o(.text)
    DMA1_Stream2_IRQHandler                  0x080002ef   Thumb Code     0  startup_stm32f407xx.o(.text)
    DMA1_Stream3_IRQHandler                  0x080002ef   Thumb Code     0  startup_stm32f407xx.o(.text)
    DMA1_Stream4_IRQHandler                  0x080002ef   Thumb Code     0  startup_stm32f407xx.o(.text)
    DMA1_Stream5_IRQHandler                  0x080002ef   Thumb Code     0  startup_stm32f407xx.o(.text)
    DMA1_Stream6_IRQHandler                  0x080002ef   Thumb Code     0  startup_stm32f407xx.o(.text)
    DMA1_Stream7_IRQHandler                  0x080002ef   Thumb Code     0  startup_stm32f407xx.o(.text)
    DMA2_Stream0_IRQHandler                  0x080002ef   Thumb Code     0  startup_stm32f407xx.o(.text)
    DMA2_Stream1_IRQHandler                  0x080002ef   Thumb Code     0  startup_stm32f407xx.o(.text)
    DMA2_Stream2_IRQHandler                  0x080002ef   Thumb Code     0  startup_stm32f407xx.o(.text)
    DMA2_Stream3_IRQHandler                  0x080002ef   Thumb Code     0  startup_stm32f407xx.o(.text)
    DMA2_Stream4_IRQHandler                  0x080002ef   Thumb Code     0  startup_stm32f407xx.o(.text)
    DMA2_Stream5_IRQHandler                  0x080002ef   Thumb Code     0  startup_stm32f407xx.o(.text)
    DMA2_Stream6_IRQHandler                  0x080002ef   Thumb Code     0  startup_stm32f407xx.o(.text)
    DMA2_Stream7_IRQHandler                  0x080002ef   Thumb Code     0  startup_stm32f407xx.o(.text)
    ETH_IRQHandler                           0x080002ef   Thumb Code     0  startup_stm32f407xx.o(.text)
    ETH_WKUP_IRQHandler                      0x080002ef   Thumb Code     0  startup_stm32f407xx.o(.text)
    EXTI0_IRQHandler                         0x080002ef   Thumb Code     0  startup_stm32f407xx.o(.text)
    EXTI15_10_IRQHandler                     0x080002ef   Thumb Code     0  startup_stm32f407xx.o(.text)
    EXTI1_IRQHandler                         0x080002ef   Thumb Code     0  startup_stm32f407xx.o(.text)
    EXTI2_IRQHandler                         0x080002ef   Thumb Code     0  startup_stm32f407xx.o(.text)
    EXTI3_IRQHandler                         0x080002ef   Thumb Code     0  startup_stm32f407xx.o(.text)
    EXTI4_IRQHandler                         0x080002ef   Thumb Code     0  startup_stm32f407xx.o(.text)
    EXTI9_5_IRQHandler                       0x080002ef   Thumb Code     0  startup_stm32f407xx.o(.text)
    FLASH_IRQHandler                         0x080002ef   Thumb Code     0  startup_stm32f407xx.o(.text)
    FMC_IRQHandler                           0x080002ef   Thumb Code     0  startup_stm32f407xx.o(.text)
    FPU_IRQHandler                           0x080002ef   Thumb Code     0  startup_stm32f407xx.o(.text)
    HASH_RNG_IRQHandler                      0x080002ef   Thumb Code     0  startup_stm32f407xx.o(.text)
    I2C1_ER_IRQHandler                       0x080002ef   Thumb Code     0  startup_stm32f407xx.o(.text)
    I2C1_EV_IRQHandler                       0x080002ef   Thumb Code     0  startup_stm32f407xx.o(.text)
    I2C2_ER_IRQHandler                       0x080002ef   Thumb Code     0  startup_stm32f407xx.o(.text)
    I2C2_EV_IRQHandler                       0x080002ef   Thumb Code     0  startup_stm32f407xx.o(.text)
    I2C3_ER_IRQHandler                       0x080002ef   Thumb Code     0  startup_stm32f407xx.o(.text)
    I2C3_EV_IRQHandler                       0x080002ef   Thumb Code     0  startup_stm32f407xx.o(.text)
    OTG_FS_IRQHandler                        0x080002ef   Thumb Code     0  startup_stm32f407xx.o(.text)
    OTG_FS_WKUP_IRQHandler                   0x080002ef   Thumb Code     0  startup_stm32f407xx.o(.text)
    OTG_HS_EP1_IN_IRQHandler                 0x080002ef   Thumb Code     0  startup_stm32f407xx.o(.text)
    OTG_HS_EP1_OUT_IRQHandler                0x080002ef   Thumb Code     0  startup_stm32f407xx.o(.text)
    OTG_HS_IRQHandler                        0x080002ef   Thumb Code     0  startup_stm32f407xx.o(.text)
    OTG_HS_WKUP_IRQHandler                   0x080002ef   Thumb Code     0  startup_stm32f407xx.o(.text)
    PVD_IRQHandler                           0x080002ef   Thumb Code     0  startup_stm32f407xx.o(.text)
    RCC_IRQHandler                           0x080002ef   Thumb Code     0  startup_stm32f407xx.o(.text)
    RTC_Alarm_IRQHandler                     0x080002ef   Thumb Code     0  startup_stm32f407xx.o(.text)
    RTC_WKUP_IRQHandler                      0x080002ef   Thumb Code     0  startup_stm32f407xx.o(.text)
    SDIO_IRQHandler                          0x080002ef   Thumb Code     0  startup_stm32f407xx.o(.text)
    SPI1_IRQHandler                          0x080002ef   Thumb Code     0  startup_stm32f407xx.o(.text)
    SPI2_IRQHandler                          0x080002ef   Thumb Code     0  startup_stm32f407xx.o(.text)
    SPI3_IRQHandler                          0x080002ef   Thumb Code     0  startup_stm32f407xx.o(.text)
    TAMP_STAMP_IRQHandler                    0x080002ef   Thumb Code     0  startup_stm32f407xx.o(.text)
    TIM1_BRK_TIM9_IRQHandler                 0x080002ef   Thumb Code     0  startup_stm32f407xx.o(.text)
    TIM1_CC_IRQHandler                       0x080002ef   Thumb Code     0  startup_stm32f407xx.o(.text)
    TIM1_TRG_COM_TIM11_IRQHandler            0x080002ef   Thumb Code     0  startup_stm32f407xx.o(.text)
    TIM1_UP_TIM10_IRQHandler                 0x080002ef   Thumb Code     0  startup_stm32f407xx.o(.text)
    TIM2_IRQHandler                          0x080002ef   Thumb Code     0  startup_stm32f407xx.o(.text)
    TIM3_IRQHandler                          0x080002ef   Thumb Code     0  startup_stm32f407xx.o(.text)
    TIM4_IRQHandler                          0x080002ef   Thumb Code     0  startup_stm32f407xx.o(.text)
    TIM5_IRQHandler                          0x080002ef   Thumb Code     0  startup_stm32f407xx.o(.text)
    TIM6_DAC_IRQHandler                      0x080002ef   Thumb Code     0  startup_stm32f407xx.o(.text)
    TIM7_IRQHandler                          0x080002ef   Thumb Code     0  startup_stm32f407xx.o(.text)
    TIM8_BRK_TIM12_IRQHandler                0x080002ef   Thumb Code     0  startup_stm32f407xx.o(.text)
    TIM8_CC_IRQHandler                       0x080002ef   Thumb Code     0  startup_stm32f407xx.o(.text)
    TIM8_TRG_COM_TIM14_IRQHandler            0x080002ef   Thumb Code     0  startup_stm32f407xx.o(.text)
    TIM8_UP_TIM13_IRQHandler                 0x080002ef   Thumb Code     0  startup_stm32f407xx.o(.text)
    UART4_IRQHandler                         0x080002ef   Thumb Code     0  startup_stm32f407xx.o(.text)
    UART5_IRQHandler                         0x080002ef   Thumb Code     0  startup_stm32f407xx.o(.text)
    USART1_IRQHandler                        0x080002ef   Thumb Code     0  startup_stm32f407xx.o(.text)
    USART2_IRQHandler                        0x080002ef   Thumb Code     0  startup_stm32f407xx.o(.text)
    USART3_IRQHandler                        0x080002ef   Thumb Code     0  startup_stm32f407xx.o(.text)
    USART6_IRQHandler                        0x080002ef   Thumb Code     0  startup_stm32f407xx.o(.text)
    WWDG_IRQHandler                          0x080002ef   Thumb Code     0  startup_stm32f407xx.o(.text)
    __user_initial_stackheap                 0x080002f1   Thumb Code     0  startup_stm32f407xx.o(.text)
    __aeabi_uldivmod                         0x08000315   Thumb Code     0  lludivv7m.o(.text)
    _ll_udiv                                 0x08000315   Thumb Code   240  lludivv7m.o(.text)
    vsprintf                                 0x08000405   Thumb Code    32  vsprintf.o(.text)
    strlen                                   0x08000429   Thumb Code    62  strlen.o(.text)
    __aeabi_memclr                           0x08000467   Thumb Code     0  rt_memclr.o(.text)
    __rt_memclr                              0x08000467   Thumb Code     0  rt_memclr.o(.text)
    _memset                                  0x0800046b   Thumb Code    64  rt_memclr.o(.text)
    __aeabi_memclr4                          0x080004ab   Thumb Code     0  rt_memclr_w.o(.text)
    __aeabi_memclr8                          0x080004ab   Thumb Code     0  rt_memclr_w.o(.text)
    __rt_memclr_w                            0x080004ab   Thumb Code     0  rt_memclr_w.o(.text)
    _memset_w                                0x080004af   Thumb Code    74  rt_memclr_w.o(.text)
    __use_two_region_memory                  0x080004f9   Thumb Code     2  heapauxi.o(.text)
    __rt_heap_escrow$2region                 0x080004fb   Thumb Code     2  heapauxi.o(.text)
    __rt_heap_expand$2region                 0x080004fd   Thumb Code     2  heapauxi.o(.text)
    _printf_pre_padding                      0x080004ff   Thumb Code    44  _printf_pad.o(.text)
    _printf_post_padding                     0x0800052b   Thumb Code    34  _printf_pad.o(.text)
    _printf_truncate_signed                  0x0800054d   Thumb Code    18  _printf_truncate.o(.text)
    _printf_truncate_unsigned                0x0800055f   Thumb Code    18  _printf_truncate.o(.text)
    _printf_str                              0x08000571   Thumb Code    82  _printf_str.o(.text)
    _printf_int_dec                          0x080005c5   Thumb Code   104  _printf_dec.o(.text)
    _printf_charcount                        0x0800063d   Thumb Code    40  _printf_charcount.o(.text)
    _printf_char_common                      0x0800066f   Thumb Code    32  _printf_char_common.o(.text)
    _sputc                                   0x08000695   Thumb Code    10  _sputc.o(.text)
    _printf_wctomb                           0x080006a1   Thumb Code   182  _printf_wctomb.o(.text)
    _printf_longlong_dec                     0x0800075d   Thumb Code   108  _printf_longlong_dec.o(.text)
    _printf_longlong_oct                     0x080007d9   Thumb Code    68  _printf_oct_int_ll.o(.text)
    _printf_int_oct                          0x0800081d   Thumb Code    24  _printf_oct_int_ll.o(.text)
    _printf_ll_oct                           0x08000835   Thumb Code    12  _printf_oct_int_ll.o(.text)
    _printf_longlong_hex                     0x08000849   Thumb Code    86  _printf_hex_int_ll_ptr.o(.text)
    _printf_int_hex                          0x0800089f   Thumb Code    28  _printf_hex_int_ll_ptr.o(.text)
    _printf_ll_hex                           0x080008bb   Thumb Code    12  _printf_hex_int_ll_ptr.o(.text)
    _printf_hex_ptr                          0x080008c7   Thumb Code    18  _printf_hex_int_ll_ptr.o(.text)
    __printf                                 0x080008dd   Thumb Code   388  __printf_flags_ss_wp.o(.text)
    _ll_udiv10                               0x08000a65   Thumb Code   138  lludiv10.o(.text)
    _printf_int_common                       0x08000aef   Thumb Code   178  _printf_intcommon.o(.text)
    _printf_fp_dec_real                      0x08000d51   Thumb Code   620  _printf_fp_dec.o(.text)
    _printf_fp_hex_real                      0x08000fbd   Thumb Code   756  _printf_fp_hex.o(.text)
    _printf_cs_common                        0x080012b9   Thumb Code    20  _printf_char.o(.text)
    _printf_char                             0x080012cd   Thumb Code    16  _printf_char.o(.text)
    _printf_string                           0x080012dd   Thumb Code     8  _printf_char.o(.text)
    _printf_lcs_common                       0x080012e5   Thumb Code    20  _printf_wchar.o(.text)
    _printf_wchar                            0x080012f9   Thumb Code    16  _printf_wchar.o(.text)
    _printf_wstring                          0x08001309   Thumb Code     8  _printf_wchar.o(.text)
    _c16rtomb                                0x08001311   Thumb Code    72  _c16rtomb.o(.text)
    _wcrtomb                                 0x08001311   Thumb Code     0  _c16rtomb.o(.text)
    __user_setup_stackheap                   0x08001359   Thumb Code    74  sys_stackheap_outer.o(.text)
    __rt_ctype_table                         0x080013a5   Thumb Code    16  rt_ctype_table.o(.text)
    __rt_locale                              0x080013b5   Thumb Code     8  rt_locale_intlibspace.o(.text)
    _printf_fp_infnan                        0x080013bd   Thumb Code   112  _printf_fp_infnan.o(.text)
    _btod_etento                             0x0800143d   Thumb Code   224  bigflt0.o(.text)
    exit                                     0x08001521   Thumb Code    18  exit.o(.text)
    __user_libspace                          0x08001535   Thumb Code     8  libspace.o(.text)
    __user_perproc_libspace                  0x08001535   Thumb Code     0  libspace.o(.text)
    __user_perthread_libspace                0x08001535   Thumb Code     0  libspace.o(.text)
    strcmp                                   0x08001541   Thumb Code   124  strcmpv7em.o(.text)
    _sys_exit                                0x080015bd   Thumb Code     8  sys_exit.o(.text)
    __I$use$semihosting                      0x080015c9   Thumb Code     0  use_no_semi.o(.text)
    __use_no_semihosting_swi                 0x080015c9   Thumb Code     2  use_no_semi.o(.text)
    __semihosting_library_function           0x080015cb   Thumb Code     0  indicate_semi.o(.text)
    Bootloader_DisableWRP_Cmd_Handler        0x080015cd   Thumb Code   146  main.o(.text.Bootloader_DisableWRP_Cmd_Handler)
    Bootloader_EnableWRP_Cmd_Handler         0x08001661   Thumb Code   148  main.o(.text.Bootloader_EnableWRP_Cmd_Handler)
    Bootloader_EraseFlash_Cmd_Handler        0x080016f5   Thumb Code   200  main.o(.text.Bootloader_EraseFlash_Cmd_Handler)
    Bootloader_GetCID_Cmd_Handler            0x080017bd   Thumb Code   138  main.o(.text.Bootloader_GetCID_Cmd_Handler)
    Bootloader_GetHelp_Cmd_Handler           0x08001849   Thumb Code   116  main.o(.text.Bootloader_GetHelp_Cmd_Handler)
    Bootloader_GetRDPLevel_Cmd_Handler       0x080018bd   Thumb Code   144  main.o(.text.Bootloader_GetRDPLevel_Cmd_Handler)
    Bootloader_GetVer_Cmd_Handler            0x0800194d   Thumb Code   138  main.o(.text.Bootloader_GetVer_Cmd_Handler)
    Bootloader_GetWRPStatus_Cmd_Handler      0x080019d9   Thumb Code   118  main.o(.text.Bootloader_GetWRPStatus_Cmd_Handler)
    Bootloader_GoToAddr_Cmd_Handler          0x08001a51   Thumb Code   208  main.o(.text.Bootloader_GoToAddr_Cmd_Handler)
    Bootloader_Jump_To_User_App              0x08001b21   Thumb Code    90  main.o(.text.Bootloader_Jump_To_User_App)
    Bootloader_ReadMem_Cmd_Handler           0x08001b7d   Thumb Code     8  main.o(.text.Bootloader_ReadMem_Cmd_Handler)
    Bootloader_ReadOTP_Cmd_Handler           0x08001b85   Thumb Code     8  main.o(.text.Bootloader_ReadOTP_Cmd_Handler)
    Bootloader_Tx_ACK                        0x08001b8d   Thumb Code    50  main.o(.text.Bootloader_Tx_ACK)
    Bootloader_Tx_NACK                       0x08001bc1   Thumb Code    36  main.o(.text.Bootloader_Tx_NACK)
    Bootloader_UART_Read_Data                0x08001be5   Thumb Code   306  main.o(.text.Bootloader_UART_Read_Data)
    Bootloader_UART_Write_Data               0x08001d19   Thumb Code    34  main.o(.text.Bootloader_UART_Write_Data)
    Bootloader_Verify_CRC                    0x08001d3d   Thumb Code   118  main.o(.text.Bootloader_Verify_CRC)
    Bootloader_WriteMem_Cmd_Handler          0x08001db5   Thumb Code   286  main.o(.text.Bootloader_WriteMem_Cmd_Handler)
    BusFault_Handler                         0x08001ed5   Thumb Code     4  stm32f4xx_it.o(.text.BusFault_Handler)
    Configure_Flash_WRP                      0x08001ed9   Thumb Code   204  main.o(.text.Configure_Flash_WRP)
    DebugMon_Handler                         0x08001fa5   Thumb Code     2  stm32f4xx_it.o(.text.DebugMon_Handler)
    Error_Handler                            0x08001fa9   Thumb Code    14  main.o(.text.Error_Handler)
    Execute_Flash_Erase                      0x08001fb9   Thumb Code   174  main.o(.text.Execute_Flash_Erase)
    Execute_Memory_Write                     0x08002069   Thumb Code    82  main.o(.text.Execute_Memory_Write)
    FLASH_Erase_Sector                       0x080020bd   Thumb Code   132  stm32f4xx_hal_flash_ex.o(.text.FLASH_Erase_Sector)
    FLASH_FlushCaches                        0x08002141   Thumb Code   162  stm32f4xx_hal_flash_ex.o(.text.FLASH_FlushCaches)
    FLASH_WaitForLastOperation               0x080023dd   Thumb Code   164  stm32f4xx_hal_flash.o(.text.FLASH_WaitForLastOperation)
    Get_Bootloader_Version                   0x08002481   Thumb Code     4  main.o(.text.Get_Bootloader_Version)
    Get_Flash_RDP_Level                      0x08002485   Thumb Code    36  main.o(.text.Get_Flash_RDP_Level)
    Get_MCU_Chip_ID                          0x080024a9   Thumb Code    16  main.o(.text.Get_MCU_Chip_ID)
    HAL_CRC_Accumulate                       0x080024b9   Thumb Code    76  stm32f4xx_hal_crc.o(.text.HAL_CRC_Accumulate)
    HAL_CRC_Init                             0x08002505   Thumb Code    64  stm32f4xx_hal_crc.o(.text.HAL_CRC_Init)
    HAL_CRC_MspInit                          0x08002545   Thumb Code    62  stm32f4xx_hal_msp.o(.text.HAL_CRC_MspInit)
    HAL_FLASHEx_Erase                        0x08002585   Thumb Code   270  stm32f4xx_hal_flash_ex.o(.text.HAL_FLASHEx_Erase)
    HAL_FLASH_Lock                           0x08002695   Thumb Code    20  stm32f4xx_hal_flash.o(.text.HAL_FLASH_Lock)
    HAL_FLASH_OB_Lock                        0x080026a9   Thumb Code    20  stm32f4xx_hal_flash.o(.text.HAL_FLASH_OB_Lock)
    HAL_FLASH_OB_Unlock                      0x080026bd   Thumb Code    72  stm32f4xx_hal_flash.o(.text.HAL_FLASH_OB_Unlock)
    HAL_FLASH_Program                        0x08002705   Thumb Code   216  stm32f4xx_hal_flash.o(.text.HAL_FLASH_Program)
    HAL_FLASH_Unlock                         0x080027dd   Thumb Code    86  stm32f4xx_hal_flash.o(.text.HAL_FLASH_Unlock)
    HAL_GPIO_Init                            0x08002835   Thumb Code   950  stm32f4xx_hal_gpio.o(.text.HAL_GPIO_Init)
    HAL_GPIO_ReadPin                         0x08002bed   Thumb Code    46  stm32f4xx_hal_gpio.o(.text.HAL_GPIO_ReadPin)
    HAL_GPIO_WritePin                        0x08002c1d   Thumb Code    46  stm32f4xx_hal_gpio.o(.text.HAL_GPIO_WritePin)
    HAL_GetTick                              0x08002c4d   Thumb Code    12  stm32f4xx_hal.o(.text.HAL_GetTick)
    HAL_IncTick                              0x08002c59   Thumb Code    26  stm32f4xx_hal.o(.text.HAL_IncTick)
    HAL_Init                                 0x08002c75   Thumb Code    60  stm32f4xx_hal.o(.text.HAL_Init)
    HAL_InitTick                             0x08002cb1   Thumb Code   112  stm32f4xx_hal.o(.text.HAL_InitTick)
    HAL_MspInit                              0x08002d21   Thumb Code    82  stm32f4xx_hal_msp.o(.text.HAL_MspInit)
    HAL_NVIC_SetPriority                     0x08002d75   Thumb Code    50  stm32f4xx_hal_cortex.o(.text.HAL_NVIC_SetPriority)
    HAL_NVIC_SetPriorityGrouping             0x08002da9   Thumb Code    16  stm32f4xx_hal_cortex.o(.text.HAL_NVIC_SetPriorityGrouping)
    HAL_RCC_ClockConfig                      0x08002db9   Thumb Code   610  stm32f4xx_hal_rcc.o(.text.HAL_RCC_ClockConfig)
    HAL_RCC_GetHCLKFreq                      0x0800301d   Thumb Code    12  stm32f4xx_hal_rcc.o(.text.HAL_RCC_GetHCLKFreq)
    HAL_RCC_GetPCLK1Freq                     0x08003029   Thumb Code    34  stm32f4xx_hal_rcc.o(.text.HAL_RCC_GetPCLK1Freq)
    HAL_RCC_GetPCLK2Freq                     0x0800304d   Thumb Code    34  stm32f4xx_hal_rcc.o(.text.HAL_RCC_GetPCLK2Freq)
    HAL_RCC_GetSysClockFreq                  0x08003071   Thumb Code   230  stm32f4xx_hal_rcc.o(.text.HAL_RCC_GetSysClockFreq)
    HAL_RCC_OscConfig                        0x08003159   Thumb Code  1726  stm32f4xx_hal_rcc.o(.text.HAL_RCC_OscConfig)
    HAL_SYSTICK_Config                       0x08003819   Thumb Code    16  stm32f4xx_hal_cortex.o(.text.HAL_SYSTICK_Config)
    HAL_UART_Init                            0x08003829   Thumb Code   154  stm32f4xx_hal_uart.o(.text.HAL_UART_Init)
    HAL_UART_MspInit                         0x080038c5   Thumb Code   268  stm32f4xx_hal_msp.o(.text.HAL_UART_MspInit)
    HAL_UART_Receive                         0x080039d1   Thumb Code   356  stm32f4xx_hal_uart.o(.text.HAL_UART_Receive)
    HAL_UART_Transmit                        0x08003b35   Thumb Code   334  stm32f4xx_hal_uart.o(.text.HAL_UART_Transmit)
    HardFault_Handler                        0x08003c85   Thumb Code     4  stm32f4xx_it.o(.text.HardFault_Handler)
    MemManage_Handler                        0x08003fed   Thumb Code     4  stm32f4xx_it.o(.text.MemManage_Handler)
    NMI_Handler                              0x08003ff1   Thumb Code     4  stm32f4xx_it.o(.text.NMI_Handler)
    PendSV_Handler                           0x08004061   Thumb Code     2  stm32f4xx_it.o(.text.PendSV_Handler)
    SVC_Handler                              0x080040a9   Thumb Code     2  stm32f4xx_it.o(.text.SVC_Handler)
    SysTick_Handler                          0x08004101   Thumb Code     8  stm32f4xx_it.o(.text.SysTick_Handler)
    SystemClock_Config                       0x08004109   Thumb Code   186  main.o(.text.SystemClock_Config)
    SystemInit                               0x080041c5   Thumb Code    18  system_stm32f4xx.o(.text.SystemInit)
    UsageFault_Handler                       0x080043e9   Thumb Code     4  stm32f4xx_it.o(.text.UsageFault_Handler)
    Verify_Addr                              0x080043ed   Thumb Code   162  main.o(.text.Verify_Addr)
    main                                     0x08004521   Thumb Code    90  main.o(.text.main)
    _btod_d2e                                0x0800457b   Thumb Code    62  btod.o(CL$$btod_d2e)
    _d2e_denorm_low                          0x080045b9   Thumb Code    70  btod.o(CL$$btod_d2e_denorm_low)
    _d2e_norm_op1                            0x080045ff   Thumb Code    96  btod.o(CL$$btod_d2e_norm_op1)
    __btod_div_common                        0x08004661   Thumb Code   696  btod.o(CL$$btod_div_common)
    _e2e                                     0x08004999   Thumb Code   220  btod.o(CL$$btod_e2e)
    _btod_ediv                               0x08004a75   Thumb Code    42  btod.o(CL$$btod_ediv)
    _btod_emul                               0x08004a9f   Thumb Code    42  btod.o(CL$$btod_emul)
    __btod_mult_common                       0x08004ac9   Thumb Code   580  btod.o(CL$$btod_mult_common)
    __ARM_fpclassify                         0x08004d0d   Thumb Code    48  fpclassify.o(i.__ARM_fpclassify)
    _is_digit                                0x08004d3d   Thumb Code    14  __printf_wp.o(i._is_digit)
    _get_lc_numeric                          0x08004d4d   Thumb Code    44  lc_numeric_c.o(locale$$code)
    _get_lc_ctype                            0x08004d79   Thumb Code    44  lc_ctype_c.o(locale$$code)
    _fp_init                                 0x08004da5   Thumb Code    26  fpinit.o(x$fpl$fpinit)
    __fplib_config_fpu_vfp                   0x08004dbd   Thumb Code     0  fpinit.o(x$fpl$fpinit)
    __fplib_config_pureend_doubles           0x08004dbd   Thumb Code     0  fpinit.o(x$fpl$fpinit)
    _printf_fp_dec                           0x08004dbf   Thumb Code     4  printf1.o(x$fpl$printf1)
    _printf_fp_hex                           0x08004dc3   Thumb Code     4  printf2.o(x$fpl$printf2)
    __I$use$fp                               0x08004dc6   Number         0  usenofp.o(x$fpl$usenofp)
    AHBPrescTable                            0x08004ec4   Data          16  system_stm32f4xx.o(.rodata.AHBPrescTable)
    APBPrescTable                            0x08004ed4   Data           8  system_stm32f4xx.o(.rodata.APBPrescTable)
    Region$$Table$$Base                      0x080054b0   Number         0  anon$$obj.o(Region$$Table)
    Region$$Table$$Limit                     0x080054d0   Number         0  anon$$obj.o(Region$$Table)
    __ctype                                  0x080054f9   Data           0  lc_ctype_c.o(locale$$data)
    SystemCoreClock                          0x20000000   Data           4  system_stm32f4xx.o(.data.SystemCoreClock)
    supportedCmds                            0x20000004   Data          13  main.o(.data.supportedCmds)
    uwTickFreq                               0x20000011   Data           1  stm32f4xx_hal.o(.data.uwTickFreq)
    uwTickPrio                               0x20000014   Data           4  stm32f4xx_hal.o(.data.uwTickPrio)
    __libspace_start                         0x20000018   Data          96  libspace.o(.bss)
    __temporary_stack_top$libspace           0x20000078   Data           0  libspace.o(.bss)
    blRxBuffer                               0x20000078   Data         200  main.o(.bss.blRxBuffer)
    hcrc                                     0x20000140   Data           8  main.o(.bss.hcrc)
    huart2                                   0x20000148   Data          68  main.o(.bss.huart2)
    huart3                                   0x2000018c   Data          68  main.o(.bss.huart3)
    pFlash                                   0x200001d0   Data          32  stm32f4xx_hal_flash.o(.bss.pFlash)
    uwTick                                   0x200001f0   Data           4  stm32f4xx_hal.o(.bss.uwTick)



==============================================================================

Memory Map of the image

  Image Entry point : 0x08000189

  Load Region LR_IROM1 (Base: 0x08000000, Size: 0x00005618, Max: 0x00100000, ABSOLUTE)

    Execution Region ER_IROM1 (Exec base: 0x08000000, Load base: 0x08000000, Size: 0x000055fc, Max: 0x00100000, ABSOLUTE)

    Exec Addr    Load Addr    Size         Type   Attr      Idx    E Section Name        Object

    0x08000000   0x08000000   0x00000188   Data   RO            3    RESET               startup_stm32f407xx.o
    0x08000188   0x08000188   0x00000008   Code   RO          749  * !!!main             c_w.l(__main.o)
    0x08000190   0x08000190   0x00000034   Code   RO         1096    !!!scatter          c_w.l(__scatter.o)
    0x080001c4   0x080001c4   0x0000001a   Code   RO         1098    !!handler_copy      c_w.l(__scatter_copy.o)
    0x080001de   0x080001de   0x00000002   PAD
    0x080001e0   0x080001e0   0x0000001c   Code   RO         1100    !!handler_zi        c_w.l(__scatter_zi.o)
    0x080001fc   0x080001fc   0x00000000   Code   RO          837    .ARM.Collect$$_printf_percent$$00000000  c_w.l(_printf_percent.o)
    0x080001fc   0x080001fc   0x00000006   Code   RO          826    .ARM.Collect$$_printf_percent$$00000001  c_w.l(_printf_n.o)
    0x08000202   0x08000202   0x00000006   Code   RO          828    .ARM.Collect$$_printf_percent$$00000002  c_w.l(_printf_p.o)
    0x08000208   0x08000208   0x00000006   Code   RO          833    .ARM.Collect$$_printf_percent$$00000003  c_w.l(_printf_f.o)
    0x0800020e   0x0800020e   0x00000006   Code   RO          834    .ARM.Collect$$_printf_percent$$00000004  c_w.l(_printf_e.o)
    0x08000214   0x08000214   0x00000006   Code   RO          835    .ARM.Collect$$_printf_percent$$00000005  c_w.l(_printf_g.o)
    0x0800021a   0x0800021a   0x00000006   Code   RO          836    .ARM.Collect$$_printf_percent$$00000006  c_w.l(_printf_a.o)
    0x08000220   0x08000220   0x0000000a   Code   RO          841    .ARM.Collect$$_printf_percent$$00000007  c_w.l(_printf_ll.o)
    0x0800022a   0x0800022a   0x00000006   Code   RO          830    .ARM.Collect$$_printf_percent$$00000008  c_w.l(_printf_i.o)
    0x08000230   0x08000230   0x00000006   Code   RO          831    .ARM.Collect$$_printf_percent$$00000009  c_w.l(_printf_d.o)
    0x08000236   0x08000236   0x00000006   Code   RO          832    .ARM.Collect$$_printf_percent$$0000000A  c_w.l(_printf_u.o)
    0x0800023c   0x0800023c   0x00000006   Code   RO          829    .ARM.Collect$$_printf_percent$$0000000B  c_w.l(_printf_o.o)
    0x08000242   0x08000242   0x00000006   Code   RO          827    .ARM.Collect$$_printf_percent$$0000000C  c_w.l(_printf_x.o)
    0x08000248   0x08000248   0x00000006   Code   RO          838    .ARM.Collect$$_printf_percent$$0000000D  c_w.l(_printf_lli.o)
    0x0800024e   0x0800024e   0x00000006   Code   RO          839    .ARM.Collect$$_printf_percent$$0000000E  c_w.l(_printf_lld.o)
    0x08000254   0x08000254   0x00000006   Code   RO          840    .ARM.Collect$$_printf_percent$$0000000F  c_w.l(_printf_llu.o)
    0x0800025a   0x0800025a   0x00000006   Code   RO          845    .ARM.Collect$$_printf_percent$$00000010  c_w.l(_printf_llo.o)
    0x08000260   0x08000260   0x00000006   Code   RO          846    .ARM.Collect$$_printf_percent$$00000011  c_w.l(_printf_llx.o)
    0x08000266   0x08000266   0x0000000a   Code   RO          842    .ARM.Collect$$_printf_percent$$00000012  c_w.l(_printf_l.o)
    0x08000270   0x08000270   0x00000006   Code   RO          824    .ARM.Collect$$_printf_percent$$00000013  c_w.l(_printf_c.o)
    0x08000276   0x08000276   0x00000006   Code   RO          825    .ARM.Collect$$_printf_percent$$00000014  c_w.l(_printf_s.o)
    0x0800027c   0x0800027c   0x00000006   Code   RO          843    .ARM.Collect$$_printf_percent$$00000015  c_w.l(_printf_lc.o)
    0x08000282   0x08000282   0x00000006   Code   RO          844    .ARM.Collect$$_printf_percent$$00000016  c_w.l(_printf_ls.o)
    0x08000288   0x08000288   0x00000004   Code   RO          889    .ARM.Collect$$_printf_percent$$00000017  c_w.l(_printf_percent_end.o)
    0x0800028c   0x0800028c   0x00000002   Code   RO          944    .ARM.Collect$$libinit$$00000000  c_w.l(libinit.o)
    0x0800028e   0x0800028e   0x00000004   Code   RO          968    .ARM.Collect$$libinit$$00000001  c_w.l(libinit2.o)
    0x08000292   0x08000292   0x00000000   Code   RO          971    .ARM.Collect$$libinit$$00000004  c_w.l(libinit2.o)
    0x08000292   0x08000292   0x00000000   Code   RO          973    .ARM.Collect$$libinit$$00000006  c_w.l(libinit2.o)
    0x08000292   0x08000292   0x00000000   Code   RO          976    .ARM.Collect$$libinit$$0000000C  c_w.l(libinit2.o)
    0x08000292   0x08000292   0x00000000   Code   RO          978    .ARM.Collect$$libinit$$0000000E  c_w.l(libinit2.o)
    0x08000292   0x08000292   0x00000000   Code   RO          980    .ARM.Collect$$libinit$$00000010  c_w.l(libinit2.o)
    0x08000292   0x08000292   0x00000006   Code   RO          981    .ARM.Collect$$libinit$$00000011  c_w.l(libinit2.o)
    0x08000298   0x08000298   0x00000000   Code   RO          983    .ARM.Collect$$libinit$$00000013  c_w.l(libinit2.o)
    0x08000298   0x08000298   0x0000000c   Code   RO          984    .ARM.Collect$$libinit$$00000014  c_w.l(libinit2.o)
    0x080002a4   0x080002a4   0x00000000   Code   RO          985    .ARM.Collect$$libinit$$00000015  c_w.l(libinit2.o)
    0x080002a4   0x080002a4   0x00000000   Code   RO          987    .ARM.Collect$$libinit$$00000017  c_w.l(libinit2.o)
    0x080002a4   0x080002a4   0x0000000a   Code   RO          988    .ARM.Collect$$libinit$$00000018  c_w.l(libinit2.o)
    0x080002ae   0x080002ae   0x00000000   Code   RO          989    .ARM.Collect$$libinit$$00000019  c_w.l(libinit2.o)
    0x080002ae   0x080002ae   0x00000000   Code   RO          991    .ARM.Collect$$libinit$$0000001B  c_w.l(libinit2.o)
    0x080002ae   0x080002ae   0x00000000   Code   RO          993    .ARM.Collect$$libinit$$0000001D  c_w.l(libinit2.o)
    0x080002ae   0x080002ae   0x00000000   Code   RO          995    .ARM.Collect$$libinit$$0000001F  c_w.l(libinit2.o)
    0x080002ae   0x080002ae   0x00000000   Code   RO          997    .ARM.Collect$$libinit$$00000021  c_w.l(libinit2.o)
    0x080002ae   0x080002ae   0x00000000   Code   RO          999    .ARM.Collect$$libinit$$00000023  c_w.l(libinit2.o)
    0x080002ae   0x080002ae   0x00000000   Code   RO         1001    .ARM.Collect$$libinit$$00000025  c_w.l(libinit2.o)
    0x080002ae   0x080002ae   0x00000000   Code   RO         1003    .ARM.Collect$$libinit$$00000027  c_w.l(libinit2.o)
    0x080002ae   0x080002ae   0x00000000   Code   RO         1007    .ARM.Collect$$libinit$$0000002E  c_w.l(libinit2.o)
    0x080002ae   0x080002ae   0x00000000   Code   RO         1009    .ARM.Collect$$libinit$$00000030  c_w.l(libinit2.o)
    0x080002ae   0x080002ae   0x00000000   Code   RO         1011    .ARM.Collect$$libinit$$00000032  c_w.l(libinit2.o)
    0x080002ae   0x080002ae   0x00000000   Code   RO         1013    .ARM.Collect$$libinit$$00000034  c_w.l(libinit2.o)
    0x080002ae   0x080002ae   0x00000002   Code   RO         1014    .ARM.Collect$$libinit$$00000035  c_w.l(libinit2.o)
    0x080002b0   0x080002b0   0x00000002   Code   RO         1051    .ARM.Collect$$libshutdown$$00000000  c_w.l(libshutdown.o)
    0x080002b2   0x080002b2   0x00000000   Code   RO         1079    .ARM.Collect$$libshutdown$$00000002  c_w.l(libshutdown2.o)
    0x080002b2   0x080002b2   0x00000000   Code   RO         1081    .ARM.Collect$$libshutdown$$00000004  c_w.l(libshutdown2.o)
    0x080002b2   0x080002b2   0x00000000   Code   RO         1084    .ARM.Collect$$libshutdown$$00000007  c_w.l(libshutdown2.o)
    0x080002b2   0x080002b2   0x00000000   Code   RO         1087    .ARM.Collect$$libshutdown$$0000000A  c_w.l(libshutdown2.o)
    0x080002b2   0x080002b2   0x00000000   Code   RO         1089    .ARM.Collect$$libshutdown$$0000000C  c_w.l(libshutdown2.o)
    0x080002b2   0x080002b2   0x00000000   Code   RO         1092    .ARM.Collect$$libshutdown$$0000000F  c_w.l(libshutdown2.o)
    0x080002b2   0x080002b2   0x00000002   Code   RO         1093    .ARM.Collect$$libshutdown$$00000010  c_w.l(libshutdown2.o)
    0x080002b4   0x080002b4   0x00000000   Code   RO          751    .ARM.Collect$$rtentry$$00000000  c_w.l(__rtentry.o)
    0x080002b4   0x080002b4   0x00000000   Code   RO          856    .ARM.Collect$$rtentry$$00000002  c_w.l(__rtentry2.o)
    0x080002b4   0x080002b4   0x00000006   Code   RO          868    .ARM.Collect$$rtentry$$00000004  c_w.l(__rtentry4.o)
    0x080002ba   0x080002ba   0x00000000   Code   RO          858    .ARM.Collect$$rtentry$$00000009  c_w.l(__rtentry2.o)
    0x080002ba   0x080002ba   0x00000004   Code   RO          859    .ARM.Collect$$rtentry$$0000000A  c_w.l(__rtentry2.o)
    0x080002be   0x080002be   0x00000000   Code   RO          861    .ARM.Collect$$rtentry$$0000000C  c_w.l(__rtentry2.o)
    0x080002be   0x080002be   0x00000008   Code   RO          862    .ARM.Collect$$rtentry$$0000000D  c_w.l(__rtentry2.o)
    0x080002c6   0x080002c6   0x00000002   Code   RO          953    .ARM.Collect$$rtexit$$00000000  c_w.l(rtexit.o)
    0x080002c8   0x080002c8   0x00000000   Code   RO         1020    .ARM.Collect$$rtexit$$00000002  c_w.l(rtexit2.o)
    0x080002c8   0x080002c8   0x00000004   Code   RO         1021    .ARM.Collect$$rtexit$$00000003  c_w.l(rtexit2.o)
    0x080002cc   0x080002cc   0x00000006   Code   RO         1022    .ARM.Collect$$rtexit$$00000004  c_w.l(rtexit2.o)
    0x080002d2   0x080002d2   0x00000002   PAD
    0x080002d4   0x080002d4   0x00000040   Code   RO            4    .text               startup_stm32f407xx.o
    0x08000314   0x08000314   0x000000f0   Code   RO          737    .text               c_w.l(lludivv7m.o)
    0x08000404   0x08000404   0x00000024   Code   RO          739    .text               c_w.l(vsprintf.o)
    0x08000428   0x08000428   0x0000003e   Code   RO          741    .text               c_w.l(strlen.o)
    0x08000466   0x08000466   0x00000044   Code   RO          743    .text               c_w.l(rt_memclr.o)
    0x080004aa   0x080004aa   0x0000004e   Code   RO          745    .text               c_w.l(rt_memclr_w.o)
    0x080004f8   0x080004f8   0x00000006   Code   RO          747    .text               c_w.l(heapauxi.o)
    0x080004fe   0x080004fe   0x0000004e   Code   RO          758    .text               c_w.l(_printf_pad.o)
    0x0800054c   0x0800054c   0x00000024   Code   RO          760    .text               c_w.l(_printf_truncate.o)
    0x08000570   0x08000570   0x00000052   Code   RO          762    .text               c_w.l(_printf_str.o)
    0x080005c2   0x080005c2   0x00000002   PAD
    0x080005c4   0x080005c4   0x00000078   Code   RO          764    .text               c_w.l(_printf_dec.o)
    0x0800063c   0x0800063c   0x00000028   Code   RO          766    .text               c_w.l(_printf_charcount.o)
    0x08000664   0x08000664   0x00000030   Code   RO          768    .text               c_w.l(_printf_char_common.o)
    0x08000694   0x08000694   0x0000000a   Code   RO          770    .text               c_w.l(_sputc.o)
    0x0800069e   0x0800069e   0x00000002   PAD
    0x080006a0   0x080006a0   0x000000bc   Code   RO          772    .text               c_w.l(_printf_wctomb.o)
    0x0800075c   0x0800075c   0x0000007c   Code   RO          775    .text               c_w.l(_printf_longlong_dec.o)
    0x080007d8   0x080007d8   0x00000070   Code   RO          781    .text               c_w.l(_printf_oct_int_ll.o)
    0x08000848   0x08000848   0x00000094   Code   RO          801    .text               c_w.l(_printf_hex_int_ll_ptr.o)
    0x080008dc   0x080008dc   0x00000188   Code   RO          821    .text               c_w.l(__printf_flags_ss_wp.o)
    0x08000a64   0x08000a64   0x0000008a   Code   RO          872    .text               c_w.l(lludiv10.o)
    0x08000aee   0x08000aee   0x000000b2   Code   RO          874    .text               c_w.l(_printf_intcommon.o)
    0x08000ba0   0x08000ba0   0x0000041c   Code   RO          876    .text               c_w.l(_printf_fp_dec.o)
    0x08000fbc   0x08000fbc   0x000002fc   Code   RO          880    .text               c_w.l(_printf_fp_hex.o)
    0x080012b8   0x080012b8   0x0000002c   Code   RO          885    .text               c_w.l(_printf_char.o)
    0x080012e4   0x080012e4   0x0000002c   Code   RO          887    .text               c_w.l(_printf_wchar.o)
    0x08001310   0x08001310   0x00000048   Code   RO          890    .text               c_w.l(_c16rtomb.o)
    0x08001358   0x08001358   0x0000004a   Code   RO          892    .text               c_w.l(sys_stackheap_outer.o)
    0x080013a2   0x080013a2   0x00000002   PAD
    0x080013a4   0x080013a4   0x00000010   Code   RO          894    .text               c_w.l(rt_ctype_table.o)
    0x080013b4   0x080013b4   0x00000008   Code   RO          899    .text               c_w.l(rt_locale_intlibspace.o)
    0x080013bc   0x080013bc   0x00000080   Code   RO          901    .text               c_w.l(_printf_fp_infnan.o)
    0x0800143c   0x0800143c   0x000000e4   Code   RO          903    .text               c_w.l(bigflt0.o)
    0x08001520   0x08001520   0x00000012   Code   RO          933    .text               c_w.l(exit.o)
    0x08001532   0x08001532   0x00000002   PAD
    0x08001534   0x08001534   0x00000008   Code   RO          950    .text               c_w.l(libspace.o)
    0x0800153c   0x0800153c   0x00000004   PAD
    0x08001540   0x08001540   0x0000007c   Code   RO          966    .text               c_w.l(strcmpv7em.o)
    0x080015bc   0x080015bc   0x0000000c   Code   RO         1015    .text               c_w.l(sys_exit.o)
    0x080015c8   0x080015c8   0x00000002   Code   RO         1040    .text               c_w.l(use_no_semi.o)
    0x080015ca   0x080015ca   0x00000000   Code   RO         1042    .text               c_w.l(indicate_semi.o)
    0x080015ca   0x080015ca   0x00000002   PAD
    0x080015cc   0x080015cc   0x00000092   Code   RO           47    .text.Bootloader_DisableWRP_Cmd_Handler  main.o
    0x0800165e   0x0800165e   0x00000002   PAD
    0x08001660   0x08001660   0x00000094   Code   RO           45    .text.Bootloader_EnableWRP_Cmd_Handler  main.o
    0x080016f4   0x080016f4   0x000000c8   Code   RO           37    .text.Bootloader_EraseFlash_Cmd_Handler  main.o
    0x080017bc   0x080017bc   0x0000008a   Code   RO           33    .text.Bootloader_GetCID_Cmd_Handler  main.o
    0x08001846   0x08001846   0x00000002   PAD
    0x08001848   0x08001848   0x00000074   Code   RO           31    .text.Bootloader_GetHelp_Cmd_Handler  main.o
    0x080018bc   0x080018bc   0x00000090   Code   RO           43    .text.Bootloader_GetRDPLevel_Cmd_Handler  main.o
    0x0800194c   0x0800194c   0x0000008a   Code   RO           29    .text.Bootloader_GetVer_Cmd_Handler  main.o
    0x080019d6   0x080019d6   0x00000002   PAD
    0x080019d8   0x080019d8   0x00000076   Code   RO           49    .text.Bootloader_GetWRPStatus_Cmd_Handler  main.o
    0x08001a4e   0x08001a4e   0x00000002   PAD
    0x08001a50   0x08001a50   0x000000d0   Code   RO           35    .text.Bootloader_GoToAddr_Cmd_Handler  main.o
    0x08001b20   0x08001b20   0x0000005a   Code   RO           27    .text.Bootloader_Jump_To_User_App  main.o
    0x08001b7a   0x08001b7a   0x00000002   PAD
    0x08001b7c   0x08001b7c   0x00000008   Code   RO           39    .text.Bootloader_ReadMem_Cmd_Handler  main.o
    0x08001b84   0x08001b84   0x00000008   Code   RO           51    .text.Bootloader_ReadOTP_Cmd_Handler  main.o
    0x08001b8c   0x08001b8c   0x00000032   Code   RO           57    .text.Bootloader_Tx_ACK  main.o
    0x08001bbe   0x08001bbe   0x00000002   PAD
    0x08001bc0   0x08001bc0   0x00000024   Code   RO           63    .text.Bootloader_Tx_NACK  main.o
    0x08001be4   0x08001be4   0x00000132   Code   RO           25    .text.Bootloader_UART_Read_Data  main.o
    0x08001d16   0x08001d16   0x00000002   PAD
    0x08001d18   0x08001d18   0x00000022   Code   RO           61    .text.Bootloader_UART_Write_Data  main.o
    0x08001d3a   0x08001d3a   0x00000002   PAD
    0x08001d3c   0x08001d3c   0x00000076   Code   RO           55    .text.Bootloader_Verify_CRC  main.o
    0x08001db2   0x08001db2   0x00000002   PAD
    0x08001db4   0x08001db4   0x0000011e   Code   RO           41    .text.Bootloader_WriteMem_Cmd_Handler  main.o
    0x08001ed2   0x08001ed2   0x00000002   PAD
    0x08001ed4   0x08001ed4   0x00000004   Code   RO          102    .text.BusFault_Handler  stm32f4xx_it.o
    0x08001ed8   0x08001ed8   0x000000cc   Code   RO           79    .text.Configure_Flash_WRP  main.o
    0x08001fa4   0x08001fa4   0x00000002   Code   RO          108    .text.DebugMon_Handler  stm32f4xx_it.o
    0x08001fa6   0x08001fa6   0x00000002   PAD
    0x08001fa8   0x08001fa8   0x0000000e   Code   RO           53    .text.Error_Handler  main.o
    0x08001fb6   0x08001fb6   0x00000002   PAD
    0x08001fb8   0x08001fb8   0x000000ae   Code   RO           69    .text.Execute_Flash_Erase  main.o
    0x08002066   0x08002066   0x00000002   PAD
    0x08002068   0x08002068   0x00000052   Code   RO           71    .text.Execute_Memory_Write  main.o
    0x080020ba   0x080020ba   0x00000002   PAD
    0x080020bc   0x080020bc   0x00000084   Code   RO          259    .text.FLASH_Erase_Sector  stm32f4xx_hal_flash_ex.o
    0x08002140   0x08002140   0x000000a2   Code   RO          261    .text.FLASH_FlushCaches  stm32f4xx_hal_flash_ex.o
    0x080021e2   0x080021e2   0x00000002   PAD
    0x080021e4   0x080021e4   0x00000034   Code   RO          257    .text.FLASH_MassErase  stm32f4xx_hal_flash_ex.o
    0x08002218   0x08002218   0x00000030   Code   RO          217    .text.FLASH_Program_Byte  stm32f4xx_hal_flash.o
    0x08002248   0x08002248   0x0000003c   Code   RO          223    .text.FLASH_Program_DoubleWord  stm32f4xx_hal_flash.o
    0x08002284   0x08002284   0x00000034   Code   RO          219    .text.FLASH_Program_HalfWord  stm32f4xx_hal_flash.o
    0x080022b8   0x080022b8   0x00000030   Code   RO          221    .text.FLASH_Program_Word  stm32f4xx_hal_flash.o
    0x080022e8   0x080022e8   0x000000f2   Code   RO          229    .text.FLASH_SetErrorCode  stm32f4xx_hal_flash.o
    0x080023da   0x080023da   0x00000002   PAD
    0x080023dc   0x080023dc   0x000000a4   Code   RO          215    .text.FLASH_WaitForLastOperation  stm32f4xx_hal_flash.o
    0x08002480   0x08002480   0x00000004   Code   RO           59    .text.Get_Bootloader_Version  main.o
    0x08002484   0x08002484   0x00000024   Code   RO           73    .text.Get_Flash_RDP_Level  main.o
    0x080024a8   0x080024a8   0x00000010   Code   RO           65    .text.Get_MCU_Chip_ID  main.o
    0x080024b8   0x080024b8   0x0000004c   Code   RO          146    .text.HAL_CRC_Accumulate  stm32f4xx_hal_crc.o
    0x08002504   0x08002504   0x00000040   Code   RO          138    .text.HAL_CRC_Init  stm32f4xx_hal_crc.o
    0x08002544   0x08002544   0x0000003e   Code   RO          123    .text.HAL_CRC_MspInit  stm32f4xx_hal_msp.o
    0x08002582   0x08002582   0x00000002   PAD
    0x08002584   0x08002584   0x0000010e   Code   RO          255    .text.HAL_FLASHEx_Erase  stm32f4xx_hal_flash_ex.o
    0x08002692   0x08002692   0x00000002   PAD
    0x08002694   0x08002694   0x00000014   Code   RO          237    .text.HAL_FLASH_Lock  stm32f4xx_hal_flash.o
    0x080026a8   0x080026a8   0x00000014   Code   RO          241    .text.HAL_FLASH_OB_Lock  stm32f4xx_hal_flash.o
    0x080026bc   0x080026bc   0x00000048   Code   RO          239    .text.HAL_FLASH_OB_Unlock  stm32f4xx_hal_flash.o
    0x08002704   0x08002704   0x000000d8   Code   RO          213    .text.HAL_FLASH_Program  stm32f4xx_hal_flash.o
    0x080027dc   0x080027dc   0x00000056   Code   RO          235    .text.HAL_FLASH_Unlock  stm32f4xx_hal_flash.o
    0x08002832   0x08002832   0x00000002   PAD
    0x08002834   0x08002834   0x000003b6   Code   RO          295    .text.HAL_GPIO_Init  stm32f4xx_hal_gpio.o
    0x08002bea   0x08002bea   0x00000002   PAD
    0x08002bec   0x08002bec   0x0000002e   Code   RO          299    .text.HAL_GPIO_ReadPin  stm32f4xx_hal_gpio.o
    0x08002c1a   0x08002c1a   0x00000002   PAD
    0x08002c1c   0x08002c1c   0x0000002e   Code   RO          301    .text.HAL_GPIO_WritePin  stm32f4xx_hal_gpio.o
    0x08002c4a   0x08002c4a   0x00000002   PAD
    0x08002c4c   0x08002c4c   0x0000000c   Code   RO          514    .text.HAL_GetTick   stm32f4xx_hal.o
    0x08002c58   0x08002c58   0x0000001a   Code   RO          512    .text.HAL_IncTick   stm32f4xx_hal.o
    0x08002c72   0x08002c72   0x00000002   PAD
    0x08002c74   0x08002c74   0x0000003c   Code   RO          502    .text.HAL_Init      stm32f4xx_hal.o
    0x08002cb0   0x08002cb0   0x00000070   Code   RO          504    .text.HAL_InitTick  stm32f4xx_hal.o
    0x08002d20   0x08002d20   0x00000052   Code   RO          121    .text.HAL_MspInit   stm32f4xx_hal_msp.o
    0x08002d72   0x08002d72   0x00000002   PAD
    0x08002d74   0x08002d74   0x00000032   Code   RO          435    .text.HAL_NVIC_SetPriority  stm32f4xx_hal_cortex.o
    0x08002da6   0x08002da6   0x00000002   PAD
    0x08002da8   0x08002da8   0x00000010   Code   RO          431    .text.HAL_NVIC_SetPriorityGrouping  stm32f4xx_hal_cortex.o
    0x08002db8   0x08002db8   0x00000262   Code   RO          163    .text.HAL_RCC_ClockConfig  stm32f4xx_hal_rcc.o
    0x0800301a   0x0800301a   0x00000002   PAD
    0x0800301c   0x0800301c   0x0000000c   Code   RO          173    .text.HAL_RCC_GetHCLKFreq  stm32f4xx_hal_rcc.o
    0x08003028   0x08003028   0x00000022   Code   RO          175    .text.HAL_RCC_GetPCLK1Freq  stm32f4xx_hal_rcc.o
    0x0800304a   0x0800304a   0x00000002   PAD
    0x0800304c   0x0800304c   0x00000022   Code   RO          177    .text.HAL_RCC_GetPCLK2Freq  stm32f4xx_hal_rcc.o
    0x0800306e   0x0800306e   0x00000002   PAD
    0x08003070   0x08003070   0x000000e6   Code   RO          165    .text.HAL_RCC_GetSysClockFreq  stm32f4xx_hal_rcc.o
    0x08003156   0x08003156   0x00000002   PAD
    0x08003158   0x08003158   0x000006be   Code   RO          161    .text.HAL_RCC_OscConfig  stm32f4xx_hal_rcc.o
    0x08003816   0x08003816   0x00000002   PAD
    0x08003818   0x08003818   0x00000010   Code   RO          455    .text.HAL_SYSTICK_Config  stm32f4xx_hal_cortex.o
    0x08003828   0x08003828   0x0000009a   Code   RO          593    .text.HAL_UART_Init  stm32f4xx_hal_uart.o
    0x080038c2   0x080038c2   0x00000002   PAD
    0x080038c4   0x080038c4   0x0000010c   Code   RO          127    .text.HAL_UART_MspInit  stm32f4xx_hal_msp.o
    0x080039d0   0x080039d0   0x00000164   Code   RO          613    .text.HAL_UART_Receive  stm32f4xx_hal_uart.o
    0x08003b34   0x08003b34   0x0000014e   Code   RO          609    .text.HAL_UART_Transmit  stm32f4xx_hal_uart.o
    0x08003c82   0x08003c82   0x00000002   PAD
    0x08003c84   0x08003c84   0x00000004   Code   RO           98    .text.HardFault_Handler  stm32f4xx_it.o
    0x08003c88   0x08003c88   0x00000024   Code   RO           17    .text.MX_CRC_Init   main.o
    0x08003cac   0x08003cac   0x000002be   Code   RO           15    .text.MX_GPIO_Init  main.o
    0x08003f6a   0x08003f6a   0x00000002   PAD
    0x08003f6c   0x08003f6c   0x00000040   Code   RO           19    .text.MX_USART2_UART_Init  main.o
    0x08003fac   0x08003fac   0x00000040   Code   RO           21    .text.MX_USART3_UART_Init  main.o
    0x08003fec   0x08003fec   0x00000004   Code   RO          100    .text.MemManage_Handler  stm32f4xx_it.o
    0x08003ff0   0x08003ff0   0x00000004   Code   RO           96    .text.NMI_Handler   stm32f4xx_it.o
    0x08003ff4   0x08003ff4   0x0000006c   Code   RO          441    .text.NVIC_EncodePriority  stm32f4xx_hal_cortex.o
    0x08004060   0x08004060   0x00000002   Code   RO          110    .text.PendSV_Handler  stm32f4xx_it.o
    0x08004062   0x08004062   0x00000002   PAD
    0x08004064   0x08004064   0x00000042   Code   RO           23    .text.Print_Msg     main.o
    0x080040a6   0x080040a6   0x00000002   PAD
    0x080040a8   0x080040a8   0x00000002   Code   RO          106    .text.SVC_Handler   stm32f4xx_it.o
    0x080040aa   0x080040aa   0x00000002   PAD
    0x080040ac   0x080040ac   0x00000052   Code   RO          457    .text.SysTick_Config  stm32f4xx_hal_cortex.o
    0x080040fe   0x080040fe   0x00000002   PAD
    0x08004100   0x08004100   0x00000008   Code   RO          112    .text.SysTick_Handler  stm32f4xx_it.o
    0x08004108   0x08004108   0x000000ba   Code   RO           13    .text.SystemClock_Config  main.o
    0x080041c2   0x080041c2   0x00000002   PAD
    0x080041c4   0x080041c4   0x00000012   Code   RO          722    .text.SystemInit    system_stm32f4xx.o
    0x080041d6   0x080041d6   0x00000002   PAD
    0x080041d8   0x080041d8   0x0000013a   Code   RO          597    .text.UART_SetConfig  stm32f4xx_hal_uart.o
    0x08004312   0x08004312   0x00000002   PAD
    0x08004314   0x08004314   0x000000d2   Code   RO          611    .text.UART_WaitOnFlagUntilTimeout  stm32f4xx_hal_uart.o
    0x080043e6   0x080043e6   0x00000002   PAD
    0x080043e8   0x080043e8   0x00000004   Code   RO          104    .text.UsageFault_Handler  stm32f4xx_it.o
    0x080043ec   0x080043ec   0x000000a2   Code   RO           67    .text.Verify_Addr   main.o
    0x0800448e   0x0800448e   0x00000002   PAD
    0x08004490   0x08004490   0x00000010   Code   RO          437    .text.__NVIC_GetPriorityGrouping  stm32f4xx_hal_cortex.o
    0x080044a0   0x080044a0   0x00000042   Code   RO          439    .text.__NVIC_SetPriority  stm32f4xx_hal_cortex.o
    0x080044e2   0x080044e2   0x00000002   PAD
    0x080044e4   0x080044e4   0x0000003c   Code   RO          433    .text.__NVIC_SetPriorityGrouping  stm32f4xx_hal_cortex.o
    0x08004520   0x08004520   0x0000005a   Code   RO           11    .text.main          main.o
    0x0800457a   0x0800457a   0x0000003e   Code   RO          906    CL$$btod_d2e        c_w.l(btod.o)
    0x080045b8   0x080045b8   0x00000046   Code   RO          908    CL$$btod_d2e_denorm_low  c_w.l(btod.o)
    0x080045fe   0x080045fe   0x00000060   Code   RO          907    CL$$btod_d2e_norm_op1  c_w.l(btod.o)
    0x0800465e   0x0800465e   0x00000002   PAD
    0x08004660   0x08004660   0x00000338   Code   RO          916    CL$$btod_div_common  c_w.l(btod.o)
    0x08004998   0x08004998   0x000000dc   Code   RO          913    CL$$btod_e2e        c_w.l(btod.o)
    0x08004a74   0x08004a74   0x0000002a   Code   RO          910    CL$$btod_ediv       c_w.l(btod.o)
    0x08004a9e   0x08004a9e   0x0000002a   Code   RO          909    CL$$btod_emul       c_w.l(btod.o)
    0x08004ac8   0x08004ac8   0x00000244   Code   RO          915    CL$$btod_mult_common  c_w.l(btod.o)
    0x08004d0c   0x08004d0c   0x00000030   Code   RO          948    i.__ARM_fpclassify  m_wm.l(fpclassify.o)
    0x08004d3c   0x08004d3c   0x0000000e   Code   RO          814    i._is_digit         c_w.l(__printf_wp.o)
    0x08004d4a   0x08004d4a   0x00000002   PAD
    0x08004d4c   0x08004d4c   0x0000002c   Code   RO          931    locale$$code        c_w.l(lc_numeric_c.o)
    0x08004d78   0x08004d78   0x0000002c   Code   RO          960    locale$$code        c_w.l(lc_ctype_c.o)
    0x08004da4   0x08004da4   0x0000001a   Code   RO         1034    x$fpl$fpinit        fz_wm.l(fpinit.o)
    0x08004dbe   0x08004dbe   0x00000004   Code   RO          847    x$fpl$printf1       fz_wm.l(printf1.o)
    0x08004dc2   0x08004dc2   0x00000004   Code   RO          849    x$fpl$printf2       fz_wm.l(printf2.o)
    0x08004dc6   0x08004dc6   0x00000000   Code   RO          947    x$fpl$usenofp       fz_wm.l(usenofp.o)
    0x08004dc6   0x08004dc6   0x00000002   PAD
    0x08004dc8   0x08004dc8   0x00000008   Data   RO          773    .constdata          c_w.l(_printf_wctomb.o)
    0x08004dd0   0x08004dd0   0x00000028   Data   RO          802    .constdata          c_w.l(_printf_hex_int_ll_ptr.o)
    0x08004df8   0x08004df8   0x00000011   Data   RO          822    .constdata          c_w.l(__printf_flags_ss_wp.o)
    0x08004e09   0x08004e09   0x00000026   Data   RO          881    .constdata          c_w.l(_printf_fp_hex.o)
    0x08004e2f   0x08004e2f   0x00000001   PAD
    0x08004e30   0x08004e30   0x00000094   Data   RO          904    .constdata          c_w.l(bigflt0.o)
    0x08004ec4   0x08004ec4   0x00000010   Data   RO          727    .rodata.AHBPrescTable  system_stm32f4xx.o
    0x08004ed4   0x08004ed4   0x00000008   Data   RO          728    .rodata.APBPrescTable  system_stm32f4xx.o
    0x08004edc   0x08004edc   0x000005d2   Data   RO           83    .rodata.str1.1      main.o
    0x080054ae   0x080054ae   0x00000002   PAD
    0x080054b0   0x080054b0   0x00000020   Data   RO         1095    Region$$Table       anon$$obj.o
    0x080054d0   0x080054d0   0x0000001c   Data   RO          930    locale$$data        c_w.l(lc_numeric_c.o)
    0x080054ec   0x080054ec   0x00000110   Data   RO          959    locale$$data        c_w.l(lc_ctype_c.o)


    Execution Region RW_IRAM1 (Exec base: 0x20000000, Load base: 0x08005600, Size: 0x000007f8, Max: 0x0001c000, ABSOLUTE)

    Exec Addr    Load Addr    Size         Type   Attr      Idx    E Section Name        Object

    0x20000000   0x08005600   0x00000004   Data   RW          726    .data.SystemCoreClock  system_stm32f4xx.o
    0x20000004   0x08005604   0x0000000d   Data   RW           82    .data.supportedCmds  main.o
    0x20000011   0x08005611   0x00000001   Data   RW          557    .data.uwTickFreq    stm32f4xx_hal.o
    0x20000012   0x08005612   0x00000002   PAD
    0x20000014   0x08005614   0x00000004   Data   RW          556    .data.uwTickPrio    stm32f4xx_hal.o
    0x20000018        -       0x00000060   Zero   RW          951    .bss                c_w.l(libspace.o)
    0x20000078        -       0x000000c8   Zero   RW           84    .bss.blRxBuffer     main.o
    0x20000140        -       0x00000008   Zero   RW           86    .bss.hcrc           main.o
    0x20000148        -       0x00000044   Zero   RW           85    .bss.huart2         main.o
    0x2000018c        -       0x00000044   Zero   RW           87    .bss.huart3         main.o
    0x200001d0        -       0x00000020   Zero   RW          247    .bss.pFlash         stm32f4xx_hal_flash.o
    0x200001f0        -       0x00000004   Zero   RW          558    .bss.uwTick         stm32f4xx_hal.o
    0x200001f4   0x08005618   0x00000004   PAD
    0x200001f8        -       0x00000200   Zero   RW            2    HEAP                startup_stm32f407xx.o
    0x200003f8        -       0x00000400   Zero   RW            1    STACK               startup_stm32f407xx.o


    Execution Region RW_IRAM2 (Exec base: 0x2001c000, Load base: 0x08005618, Size: 0x00000000, Max: 0x00004000, ABSOLUTE)

    **** No section assigned to this execution region ****


==============================================================================

Image component sizes


      Code (inc. data)   RO Data    RW Data    ZI Data      Debug   Object Name

      4192         14       1490         13        344      15220   main.o
        64         26        392          0       1536        872   startup_stm32f407xx.o
       210          0          0          5          4       7131   stm32f4xx_hal.o
       414          0          0          0          0       9440   stm32f4xx_hal_cortex.o
       140          0          0          0          0       2731   stm32f4xx_hal_crc.o
      1028          0          0          0         32       4839   stm32f4xx_hal_flash.o
       616          0          0          0          0       4988   stm32f4xx_hal_flash_ex.o
      1042          0          0          0          0       5106   stm32f4xx_hal_gpio.o
       412          0          0          0          0       5561   stm32f4xx_hal_msp.o
      2646          0          0          0          0       7590   stm32f4xx_hal_rcc.o
      1368          0          0          0          0      20129   stm32f4xx_hal_uart.o
        34          0          0          0          0       1045   stm32f4xx_it.o
        18          0         24          4          0       2543   system_stm32f4xx.o

    ----------------------------------------------------------------------
     12270         40       1940         24       1920      87195   Object Totals
         0          0         32          0          0          0   (incl. Generated)
        86          0          2          2          4          0   (incl. Padding)

    ----------------------------------------------------------------------

      Code (inc. data)   RO Data    RW Data    ZI Data      Debug   Library Member Name

         8          0          0          0          0         68   __main.o
       392          4         17          0          0         92   __printf_flags_ss_wp.o
        14          0          0          0          0         68   __printf_wp.o
         0          0          0          0          0          0   __rtentry.o
        12          0          0          0          0          0   __rtentry2.o
         6          0          0          0          0          0   __rtentry4.o
        52          8          0          0          0          0   __scatter.o
        26          0          0          0          0          0   __scatter_copy.o
        28          0          0          0          0          0   __scatter_zi.o
        72          0          0          0          0         96   _c16rtomb.o
         6          0          0          0          0          0   _printf_a.o
         6          0          0          0          0          0   _printf_c.o
        44          0          0          0          0        108   _printf_char.o
        48          6          0          0          0         96   _printf_char_common.o
        40          0          0          0          0         68   _printf_charcount.o
         6          0          0          0          0          0   _printf_d.o
       120         16          0          0          0         92   _printf_dec.o
         6          0          0          0          0          0   _printf_e.o
         6          0          0          0          0          0   _printf_f.o
      1052          0          0          0          0        148   _printf_fp_dec.o
       764          8         38          0          0        100   _printf_fp_hex.o
       128         16          0          0          0         84   _printf_fp_infnan.o
         6          0          0          0          0          0   _printf_g.o
       148          4         40          0          0        160   _printf_hex_int_ll_ptr.o
         6          0          0          0          0          0   _printf_i.o
       178          0          0          0          0         88   _printf_intcommon.o
        10          0          0          0          0          0   _printf_l.o
         6          0          0          0          0          0   _printf_lc.o
        10          0          0          0          0          0   _printf_ll.o
         6          0          0          0          0          0   _printf_lld.o
         6          0          0          0          0          0   _printf_lli.o
         6          0          0          0          0          0   _printf_llo.o
         6          0          0          0          0          0   _printf_llu.o
         6          0          0          0          0          0   _printf_llx.o
       124         16          0          0          0         92   _printf_longlong_dec.o
         6          0          0          0          0          0   _printf_ls.o
         6          0          0          0          0          0   _printf_n.o
         6          0          0          0          0          0   _printf_o.o
       112          8          0          0          0        124   _printf_oct_int_ll.o
         6          0          0          0          0          0   _printf_p.o
        78          0          0          0          0        108   _printf_pad.o
         0          0          0          0          0          0   _printf_percent.o
         4          0          0          0          0          0   _printf_percent_end.o
         6          0          0          0          0          0   _printf_s.o
        82          0          0          0          0         80   _printf_str.o
        36          0          0          0          0         84   _printf_truncate.o
         6          0          0          0          0          0   _printf_u.o
        44          0          0          0          0        108   _printf_wchar.o
       188          6          8          0          0         92   _printf_wctomb.o
         6          0          0          0          0          0   _printf_x.o
        10          0          0          0          0         68   _sputc.o
       228          4        148          0          0         96   bigflt0.o
      1936        128          0          0          0        668   btod.o
        18          0          0          0          0         80   exit.o
         6          0          0          0          0        152   heapauxi.o
         0          0          0          0          0          0   indicate_semi.o
        44         10        272          0          0         76   lc_ctype_c.o
        44         10         28          0          0         76   lc_numeric_c.o
         2          0          0          0          0          0   libinit.o
        34          0          0          0          0          0   libinit2.o
         2          0          0          0          0          0   libshutdown.o
         2          0          0          0          0          0   libshutdown2.o
         8          4          0          0         96         68   libspace.o
       138          0          0          0          0         80   lludiv10.o
       240          0          0          0          0        100   lludivv7m.o
        16          4          0          0          0         76   rt_ctype_table.o
         8          4          0          0          0         68   rt_locale_intlibspace.o
        68          0          0          0          0         68   rt_memclr.o
        78          0          0          0          0         80   rt_memclr_w.o
         2          0          0          0          0          0   rtexit.o
        10          0          0          0          0          0   rtexit2.o
       124          0          0          0          0         88   strcmpv7em.o
        62          0          0          0          0         76   strlen.o
        12          4          0          0          0         68   sys_exit.o
        74          0          0          0          0         80   sys_stackheap_outer.o
         2          0          0          0          0         68   use_no_semi.o
        36          4          0          0          0         76   vsprintf.o
        26          0          0          0          0        116   fpinit.o
         4          0          0          0          0        116   printf1.o
         4          0          0          0          0        116   printf2.o
         0          0          0          0          0          0   usenofp.o
        48          0          0          0          0        124   fpclassify.o

    ----------------------------------------------------------------------
      7250        268        552          0         96       4640   Library Totals
        24          4          1          0          0          0   (incl. Padding)

    ----------------------------------------------------------------------

      Code (inc. data)   RO Data    RW Data    ZI Data      Debug   Library Name

      7144        264        551          0         96       4168   c_w.l
        34          0          0          0          0        348   fz_wm.l
        48          0          0          0          0        124   m_wm.l

    ----------------------------------------------------------------------
      7250        268        552          0         96       4640   Library Totals

    ----------------------------------------------------------------------

==============================================================================


      Code (inc. data)   RO Data    RW Data    ZI Data      Debug   

     19520        308       2492         24       2016      89179   Grand Totals
     19520        308       2492         24       2016      89179   ELF Image Totals
     19520        308       2492         24          0          0   ROM Totals

==============================================================================

    Total RO  Size (Code + RO Data)                22012 (  21.50kB)
    Total RW  Size (RW Data + ZI Data)              2040 (   1.99kB)
    Total ROM Size (Code + RO Data + RW Data)      22036 (  21.52kB)

==============================================================================

